Archive member included because of file (symbol)

/opt/toolchain/gcc-4.6.2/fsl-linaro-toolchain/bin/../lib/gcc/arm-fsl-linux-gnueabi/4.6.2/armv7-a/default/libgcc.a(_udivsi3.o)
                              arch/arm/cpu/armv7/built-in.o (__aeabi_uidiv)
/opt/toolchain/gcc-4.6.2/fsl-linaro-toolchain/bin/../lib/gcc/arm-fsl-linux-gnueabi/4.6.2/armv7-a/default/libgcc.a(_divsi3.o)
                              common/built-in.o (__aeabi_idiv)
/opt/toolchain/gcc-4.6.2/fsl-linaro-toolchain/bin/../lib/gcc/arm-fsl-linux-gnueabi/4.6.2/armv7-a/default/libgcc.a(_lshrdi3.o)
                              fs/built-in.o (__aeabi_llsr)
/opt/toolchain/gcc-4.6.2/fsl-linaro-toolchain/bin/../lib/gcc/arm-fsl-linux-gnueabi/4.6.2/armv7-a/default/libgcc.a(_ashldi3.o)
                              drivers/mmc/built-in.o (__aeabi_llsl)
/opt/toolchain/gcc-4.6.2/fsl-linaro-toolchain/bin/../lib/gcc/arm-fsl-linux-gnueabi/4.6.2/armv7-a/default/libgcc.a(_dvmd_lnx.o)
                              /opt/toolchain/gcc-4.6.2/fsl-linaro-toolchain/bin/../lib/gcc/arm-fsl-linux-gnueabi/4.6.2/armv7-a/default/libgcc.a(_udivsi3.o) (__aeabi_idiv0)

Discarded input sections

 .data          0x00000000        0x0 arch/arm/cpu/armv7/start.o
 .bss           0x00000000        0x0 arch/arm/cpu/armv7/start.o
 .text.v7_outer_cache_flush_all
                0x00000000        0x4 arch/arm/cpu/armv7/built-in.o
 .text.v7_outer_cache_inval_all
                0x00000000        0x4 arch/arm/cpu/armv7/built-in.o
 .text.v7_outer_cache_flush_range
                0x00000000        0x4 arch/arm/cpu/armv7/built-in.o
 .text.v7_outer_cache_inval_range
                0x00000000        0x4 arch/arm/cpu/armv7/built-in.o
 .text.v7_arch_cp15_set_l2aux_ctrl
                0x00000000        0x8 arch/arm/cpu/armv7/built-in.o
 .text.v7_arch_cp15_set_acr
                0x00000000        0x8 arch/arm/cpu/armv7/built-in.o
 .text.sdelay   0x00000000        0xc arch/arm/cpu/armv7/built-in.o
 .text.wait_on_value
                0x00000000       0x34 arch/arm/cpu/armv7/built-in.o
 .text.get_boot_device
                0x00000000       0x9c arch/arm/cpu/armv7/built-in.o
 .text.enable_enet_pll
                0x00000000       0x7c arch/arm/cpu/armv7/built-in.o
 .text.enable_enet_clk
                0x00000000       0x24 arch/arm/cpu/armv7/built-in.o
 .text.enable_uart_clk
                0x00000000       0x24 arch/arm/cpu/armv7/built-in.o
 .text.enable_usdhc_clk
                0x00000000       0x4c arch/arm/cpu/armv7/built-in.o
 .text.enable_spi_clk
                0x00000000       0x44 arch/arm/cpu/armv7/built-in.o
 .text.enable_fec_anatop_clock
                0x00000000       0xa0 arch/arm/cpu/armv7/built-in.o
 .text.enable_sata_clock
                0x00000000       0x1c arch/arm/cpu/armv7/built-in.o
 .text.disable_sata_clock
                0x00000000       0x18 arch/arm/cpu/armv7/built-in.o
 .text.enable_pcie_clock
                0x00000000       0x70 arch/arm/cpu/armv7/built-in.o
 .data          0x00000000        0x0 arch/arm/cpu/armv7/built-in.o
 .bss           0x00000000        0x0 arch/arm/cpu/armv7/built-in.o
 .text          0x00000000        0x0 arch/arm/imx-common/built-in.o
 .text.get_imx_reset_cause
                0x00000000       0x10 arch/arm/imx-common/built-in.o
 .text.set_chipselect_size
                0x00000000       0x80 arch/arm/imx-common/built-in.o
 .text.mxs_wait_mask_set
                0x00000000       0x40 arch/arm/imx-common/built-in.o
 .text.mxs_wait_mask_clr
                0x00000000       0x3c arch/arm/imx-common/built-in.o
 .text.mxs_reset_block
                0x00000000       0x98 arch/arm/imx-common/built-in.o
 .text.detect_hdmi
                0x00000000       0x14 arch/arm/imx-common/built-in.o
 .text.usec2ticks
                0x00000000       0x58 arch/arm/imx-common/built-in.o
 .data          0x00000000        0x0 arch/arm/imx-common/built-in.o
 .bss           0x00000000        0x0 arch/arm/imx-common/built-in.o
 .text.reset_misc
                0x00000000        0x4 arch/arm/lib/built-in.o
 .text.flush_cache
                0x00000000        0x4 arch/arm/lib/built-in.o
 .text.flush_dcache_all
                0x00000000        0xc arch/arm/lib/built-in.o
 .text.enable_caches
                0x00000000        0xc arch/arm/lib/built-in.o
 .text.arm_init_before_mmu
                0x00000000        0x4 arch/arm/lib/built-in.o
 .text.mmu_page_table_flush
                0x00000000        0x4 arch/arm/lib/built-in.o
 .rodata.pl310  0x00000000        0x4 arch/arm/lib/built-in.o
 .data          0x00000000        0x0 arch/arm/lib/built-in.o
 .__secure_start
                0x00000000        0x0 arch/arm/lib/built-in.o
 .__secure_end  0x00000000        0x0 arch/arm/lib/built-in.o
 .bss           0x00000000        0x0 arch/arm/lib/built-in.o
 .text          0x00000000        0x0 board/freescale/common/built-in.o
 .data          0x00000000        0x0 board/freescale/common/built-in.o
[...]
Memory Configuration

Name             Origin             Length             Attributes
*default*        0x00000000         0xffffffff

Linker script and memory map

Address of section .text set to 0x17800000
                0x00000000                . = 0x0
                0x00000000                . = ALIGN (0x4)

.text           0x17800000    0x3dbe4
 *(.__image_copy_start)
 .__image_copy_start
                0x17800000        0x0 arch/arm/lib/built-in.o
                0x17800000                __image_copy_start
 *(.vectors)
 .vectors       0x17800000      0x300 arch/arm/lib/built-in.o
                0x17800000                _start
                0x17800020                _undefined_instruction
                0x17800024                _software_interrupt
                0x17800028                _prefetch_abort
                0x1780002c                _data_abort
                0x17800030                _not_used
                0x17800034                _irq
                0x17800038                _fiq
                0x17800040                IRQ_STACK_START_IN
 arch/arm/cpu/armv7/start.o(.text*)
 .text          0x17800300       0xec arch/arm/cpu/armv7/start.o
                0x17800300                reset
                0x17800304                save_boot_params_ret
                0x17800340                c_runtime_cpu_setup
                0x17800350                save_boot_params
                0x17800354                cpu_init_cp15
                0x178003e4                cpu_init_crit
 *(.text*)
 .text          0x178003ec       0x1c arch/arm/cpu/armv7/built-in.o
                0x178003ec                lowlevel_init
 .text.v7_maint_dcache_all
                0x17800408       0xe8 arch/arm/cpu/armv7/built-in.o
 .text.v7_dcache_maint_range
                0x178004f0       0xc8 arch/arm/cpu/armv7/built-in.o
 .text.invalidate_icache_all
                0x178005b8       0x18 arch/arm/cpu/armv7/built-in.o
                0x178005b8                invalidate_icache_all
 .text.v7_outer_cache_enable
                0x178005d0       0x68 arch/arm/cpu/armv7/built-in.o
                0x178005d4                v7_outer_cache_enable
 .text.v7_outer_cache_disable
                0x17800638       0x1c arch/arm/cpu/armv7/built-in.o
                0x1780063c                v7_outer_cache_disable
 .text.flush_dcache_all
                0x17800654       0x14 arch/arm/cpu/armv7/built-in.o
                0x17800654                flush_dcache_all
 .text.invalidate_dcache_all
                0x17800668       0x14 arch/arm/cpu/armv7/built-in.o
                0x17800668                invalidate_dcache_all
 .text.arm_init_before_mmu
                0x1780067c       0x28 arch/arm/cpu/armv7/built-in.o
                0x1780067c                arm_init_before_mmu
 .text.flush_dcache_range
                0x178006a4       0x24 arch/arm/cpu/armv7/built-in.o
                0x178006a4                flush_dcache_range
 .text.flush_cache
                0x178006c8        0x8 arch/arm/cpu/armv7/built-in.o
                0x178006c8                flush_cache
 .text.mmu_page_table_flush
                0x178006d0       0x24 arch/arm/cpu/armv7/built-in.o
                0x178006d0                mmu_page_table_flush
 .text.invalidate_dcache_range
                0x178006f4       0x24 arch/arm/cpu/armv7/built-in.o
                0x178006f4                invalidate_dcache_range
 .text.cpu_cache_initialization
                0x17800718        0x4 arch/arm/cpu/armv7/built-in.o
                0x17800718                cpu_cache_initialization
 .text.cleanup_before_linux
                0x1780071c       0x28 arch/arm/cpu/armv7/built-in.o
                0x1780071c                cleanup_before_linux
 .text.set_ldo_voltage
                0x17800744       0xc0 arch/arm/cpu/armv7/built-in.o
 .text.get_nr_cpus
                0x17800804       0x10 arch/arm/cpu/armv7/built-in.o
                0x17800804                get_nr_cpus
 .text.get_cpu_rev
                0x17800814       0x70 arch/arm/cpu/armv7/built-in.o
                0x17800814                get_cpu_rev
 .text.get_board_rev
                0x17800884       0x34 arch/arm/cpu/armv7/built-in.o
                0x17800884                get_board_rev
 .text.init_aips
                0x178008b8       0x58 arch/arm/cpu/armv7/built-in.o
                0x178008b8                init_aips
 .text.arch_cpu_init
                0x17800910      0x198 arch/arm/cpu/armv7/built-in.o
                0x17800910                arch_cpu_init
 .text.board_postclk_init
                0x17800aa8       0x18 arch/arm/cpu/armv7/built-in.o
                0x17800aa8                board_postclk_init
 .text.enable_caches
                0x17800ac0       0x34 arch/arm/cpu/armv7/built-in.o
                0x17800ac0                enable_caches
 .text.imx_get_mac_from_fuse
                0x17800af4       0x3c arch/arm/cpu/armv7/built-in.o
                0x17800af4                imx_get_mac_from_fuse
 .text.boot_mode_apply
                0x17800b30       0x24 arch/arm/cpu/armv7/built-in.o
                0x17800b30                boot_mode_apply
 .text.s_init   0x17800b54       0x90 arch/arm/cpu/armv7/built-in.o
                0x17800b54                s_init
 .text.set_wdog_reset
                0x17800be4       0x14 arch/arm/cpu/armv7/built-in.o
                0x17800be4                set_wdog_reset
 .text.reset_misc
                0x17800bf8        0x4 arch/arm/cpu/armv7/built-in.o
                0x17800bf8                reset_misc
 .text.check_ldo_bypass
                0x17800bfc       0x7c arch/arm/cpu/armv7/built-in.o
                0x17800bfc                check_ldo_bypass
 .text.check_1_2G
                0x17800c78       0x58 arch/arm/cpu/armv7/built-in.o
                0x17800c78                check_1_2G
 .text.set_arm_freq_400M
                0x17800cd0       0x2c arch/arm/cpu/armv7/built-in.o
                0x17800cd0                set_arm_freq_400M
 .text.prep_anatop_bypass
                0x17800cfc       0x3c arch/arm/cpu/armv7/built-in.o
                0x17800cfc                prep_anatop_bypass
 .text.set_anatop_bypass
                0x17800d38       0x58 arch/arm/cpu/armv7/built-in.o
                0x17800d38                set_anatop_bypass
 .text.finish_anatop_bypass
                0x17800d90       0x18 arch/arm/cpu/armv7/built-in.o
                0x17800d90                finish_anatop_bypass
 .text.imx_enable_hdmi_phy
                0x17800da8       0x54 arch/arm/cpu/armv7/built-in.o
                0x17800da8                imx_enable_hdmi_phy
 .text.imx_setup_hdmi
                0x17800dfc       0x70 arch/arm/cpu/armv7/built-in.o
                0x17800dfc                imx_setup_hdmi
 .text.get_ipg_clk
                0x17800e6c       0x28 arch/arm/cpu/armv7/built-in.o
 .text.decode_pll.constprop.1
                0x17800e94       0xb8 arch/arm/cpu/armv7/built-in.o
 .text.get_uart_clk
                0x17800f4c       0x34 arch/arm/cpu/armv7/built-in.o
 .text.mxc_get_pll_pfd
                0x17800f80       0xa4 arch/arm/cpu/armv7/built-in.o
 .text.get_usdhc_clk
                0x17801024       0x90 arch/arm/cpu/armv7/built-in.o
 .text.enable_ocotp_clk
                0x178010b4       0x24 arch/arm/cpu/armv7/built-in.o
                0x178010b4                enable_ocotp_clk
 .text.enable_usboh3_clk
                0x178010d8       0x24 arch/arm/cpu/armv7/built-in.o
                0x178010d8                enable_usboh3_clk
 .text.enable_i2c_clk
                0x178010fc       0x48 arch/arm/cpu/armv7/built-in.o
                0x178010fc                enable_i2c_clk
 .text.get_periph_clk
                0x17801144       0xac arch/arm/cpu/armv7/built-in.o
                0x17801144                get_periph_clk
 .text.get_axi_clk
                0x178011f0       0x4c arch/arm/cpu/armv7/built-in.o
 .text.imx_get_uartclk
                0x1780123c        0x4 arch/arm/cpu/armv7/built-in.o
                0x1780123c                imx_get_uartclk
 .text.enable_thermal_clk
                0x17801240       0x48 arch/arm/cpu/armv7/built-in.o
                0x17801240                enable_thermal_clk
 .text.mxc_get_clock
                0x17801288      0x190 arch/arm/cpu/armv7/built-in.o
                0x17801288                mxc_get_clock
 .text.do_mx6_showclocks
                0x17801418      0x21c arch/arm/cpu/armv7/built-in.o
                0x17801418                do_mx6_showclocks
 .text.imx_get_fecclk
                0x17801634        0x8 arch/arm/cpu/armv7/built-in.o
                0x17801634                imx_get_fecclk
 .text.enable_ipu_clock
                0x1780163c       0x18 arch/arm/cpu/armv7/built-in.o
                0x1780163c                enable_ipu_clock
 .text.cpu_reset
                0x17801654       0x28 arch/arm/cpu/armv7/built-in.o
                0x17801654                cpu_reset
 .text.cpu_status
                0x1780167c       0x40 arch/arm/cpu/armv7/built-in.o
                0x1780167c                cpu_status
 .text.cpu_release
                0x178016bc       0x80 arch/arm/cpu/armv7/built-in.o
                0x178016bc                cpu_release
 .text.is_core_valid
                0x1780173c       0x1c arch/arm/cpu/armv7/built-in.o
                0x1780173c                is_core_valid
 .text.cpu_disable
                0x17801758       0x28 arch/arm/cpu/armv7/built-in.o
                0x17801758                cpu_disable
 .text.imx_iomux_v3_setup_pad
                0x17801780       0xb8 arch/arm/imx-common/built-in.o
                0x17801780                imx_iomux_v3_setup_pad
 .text.imx_iomux_v3_setup_multiple_pads
                0x17801838       0x2c arch/arm/imx-common/built-in.o
                0x17801838                imx_iomux_v3_setup_multiple_pads
 .text.imx_iomux_set_gpr_register
                0x17801864       0x40 arch/arm/imx-common/built-in.o
                0x17801864                imx_iomux_set_gpr_register
 .text.imx_ddr_size
                0x178018a4       0x64 arch/arm/imx-common/built-in.o
                0x178018a4                imx_ddr_size
 .text.get_imx_type
                0x17801908       0x20 arch/arm/imx-common/built-in.o
                0x17801908                get_imx_type
 .text.print_cpuinfo
                0x17801928      0x1d8 arch/arm/imx-common/built-in.o
                0x17801928                print_cpuinfo
 .text.cpu_eth_init
                0x17801b00        0x4 arch/arm/imx-common/built-in.o
                0x17801b00                cpu_eth_init
 .text.cpu_mmc_init
                0x17801b04        0x4 arch/arm/imx-common/built-in.o
                0x17801b04                cpu_mmc_init
 .text.get_ahb_clk
                0x17801b08       0x24 arch/arm/imx-common/built-in.o
                0x17801b08                get_ahb_clk
 .text.arch_preboot_os
                0x17801b2c       0x14 arch/arm/imx-common/built-in.o
                0x17801b2c                arch_preboot_os
 .text.get_clocks
                0x17801b40       0x1c arch/arm/imx-common/built-in.o
                0x17801b40                get_clocks
 .text.force_idle_bus
                0x17801b5c      0x1c0 arch/arm/imx-common/built-in.o
 .text.setup_i2c
                0x17801d1c       0xdc arch/arm/imx-common/built-in.o
                0x17801d1c                setup_i2c
 .text.board_video_skip
                0x17801df8      0x180 arch/arm/imx-common/built-in.o
                0x17801df8                board_video_skip
 .text.timer_init
                0x17801f78      0x130 arch/arm/imx-common/built-in.o
                0x17801f78                timer_init
 .text.get_ticks
                0x178020a8       0x3c arch/arm/imx-common/built-in.o
                0x178020a8                get_ticks
 .text.get_timer_masked
                0x178020e4       0xe4 arch/arm/imx-common/built-in.o
                0x178020e4                get_timer_masked
 .text.get_timer
                0x178021c8       0x14 arch/arm/imx-common/built-in.o
                0x178021c8                get_timer
 .text.__udelay
                0x178021dc      0x11c arch/arm/imx-common/built-in.o
                0x178021dc                __udelay
 .text.get_tbclk
                0x178022f8       0x90 arch/arm/imx-common/built-in.o
                0x178022f8                get_tbclk
 .text.do_boot_mode
                0x17802388       0xd8 arch/arm/imx-common/built-in.o
 .text.create_usage
                0x17802460       0xa0 arch/arm/imx-common/built-in.o
 .text.add_board_boot_modes
                0x17802500       0x64 arch/arm/imx-common/built-in.o
                0x17802500                add_board_boot_modes
 .text          0x17802564       0xa8 arch/arm/lib/built-in.o
                0x17802564                _main
 .text.relocate_vectors
                0x1780260c       0x70 arch/arm/lib/built-in.o
                0x1780260c                relocate_vectors
                0x17802618                relocate_code
 .text.arch_fixup_fdt
                0x1780267c       0x38 arch/arm/lib/built-in.o
                0x1780267c                arch_fixup_fdt
 .text.boot_jump_linux
                0x178026b4       0xb4 arch/arm/lib/built-in.o
 .text.arch_lmb_reserve
                0x17802768       0x24 arch/arm/lib/built-in.o
                0x17802768                arch_lmb_reserve
 .text.setup_board_tags
                0x1780278c        0x4 arch/arm/lib/built-in.o
                0x1780278c                setup_board_tags
 .text.boot_prep_linux
                0x17802790      0x190 arch/arm/lib/built-in.o
 .text.do_bootm_linux
                0x17802920       0x5c arch/arm/lib/built-in.o
                0x17802920                do_bootm_linux
 .text.bootz_setup
                0x1780297c       0x60 arch/arm/lib/built-in.o
                0x1780297c                bootz_setup
 .text.boot_prep_vxworks
                0x178029dc       0x4c arch/arm/lib/built-in.o
                0x178029dc                boot_prep_vxworks
 .text.boot_jump_vxworks
                0x17802a28       0x14 arch/arm/lib/built-in.o
                0x17802a28                boot_jump_vxworks
 .text.pl310_background_op_all_ways
                0x17802a3c       0x44 arch/arm/lib/built-in.o
 .text.v7_outer_cache_inval_all
                0x17802a80        0xc arch/arm/lib/built-in.o
                0x17802a80                v7_outer_cache_inval_all
 .text.v7_outer_cache_flush_all
                0x17802a8c        0xc arch/arm/lib/built-in.o
                0x17802a8c                v7_outer_cache_flush_all
 .text.v7_outer_cache_flush_range
                0x17802a98       0x30 arch/arm/lib/built-in.o
                0x17802a98                v7_outer_cache_flush_range
 .text.v7_outer_cache_inval_range
                0x17802ac8       0x80 arch/arm/lib/built-in.o
                0x17802ac8                v7_outer_cache_inval_range
 .text.arch_reserve_stacks
                0x17802b48       0x1c arch/arm/lib/built-in.o
                0x17802b48                arch_reserve_stacks
 .text.interrupt_init
                0x17802b64       0x1c arch/arm/lib/built-in.o
                0x17802b64                interrupt_init
 .text.enable_interrupts
                0x17802b80        0x4 arch/arm/lib/built-in.o
                0x17802b80                enable_interrupts
 .text.disable_interrupts
                0x17802b84        0x8 arch/arm/lib/built-in.o
                0x17802b84                disable_interrupts
 .text.bad_mode
                0x17802b8c       0x10 arch/arm/lib/built-in.o
                0x17802b8c                bad_mode
 .text.show_regs
                0x17802b9c      0x174 arch/arm/lib/built-in.o
                0x17802b9c                show_regs
 .text.do_undefined_instruction
                0x17802d10       0x20 arch/arm/lib/built-in.o
                0x17802d10                do_undefined_instruction
 .text.do_software_interrupt
                0x17802d30       0x20 arch/arm/lib/built-in.o
                0x17802d30                do_software_interrupt
 .text.do_prefetch_abort
                0x17802d50       0x20 arch/arm/lib/built-in.o
                0x17802d50                do_prefetch_abort
 .text.do_data_abort
                0x17802d70       0x20 arch/arm/lib/built-in.o
                0x17802d70                do_data_abort
 .text.do_not_used
                0x17802d90       0x20 arch/arm/lib/built-in.o
                0x17802d90                do_not_used
 .text.do_fiq   0x17802db0       0x20 arch/arm/lib/built-in.o
                0x17802db0                do_fiq
 .text.do_irq   0x17802dd0       0x20 arch/arm/lib/built-in.o
                0x17802dd0                do_irq
 .text.do_reset
                0x17802df0       0x30 arch/arm/lib/built-in.o
                0x17802df0                do_reset
 .text.cp_delay
                0x17802e20       0x30 arch/arm/lib/built-in.o
 .text.cache_disable
                0x17802e50       0x50 arch/arm/lib/built-in.o
 .text.arm_init_domains
                0x17802ea0        0x4 arch/arm/lib/built-in.o
                0x17802ea0                arm_init_domains
 .text.set_section_dcache
                0x17802ea4       0x14 arch/arm/lib/built-in.o
                0x17802ea4                set_section_dcache
 .text.mmu_set_region_dcache_behaviour
                0x17802eb8       0x50 arch/arm/lib/built-in.o
                0x17802eb8                mmu_set_region_dcache_behaviour
 .text.dram_bank_mmu_setup
                0x17802f08       0x48 arch/arm/lib/built-in.o
                0x17802f08                dram_bank_mmu_setup
 .text.cache_enable
                0x17802f50       0x78 arch/arm/lib/built-in.o
 .text.icache_enable
                0x17802fc8        0x8 arch/arm/lib/built-in.o
                0x17802fc8                icache_enable
 .text.icache_disable
                0x17802fd0        0x8 arch/arm/lib/built-in.o
                0x17802fd0                icache_disable
 .text.icache_status
                0x17802fd8        0xc arch/arm/lib/built-in.o
                0x17802fd8                icache_status
 .text.dcache_enable
                0x17802fe4        0x8 arch/arm/lib/built-in.o
                0x17802fe4                dcache_enable
 .text.dcache_disable
                0x17802fec        0x8 arch/arm/lib/built-in.o
                0x17802fec                dcache_disable
 .text.dcache_status
                0x17802ff4        0xc arch/arm/lib/built-in.o
                0x17802ff4                dcache_status
 .text.pfuze_mode_init
                0x17803000       0x9c board/freescale/common/built-in.o
                0x17803000                pfuze_mode_init
 .text.pfuze_common_init
                0x1780309c      0x108 board/freescale/common/built-in.o
                0x1780309c                pfuze_common_init
 .text.enable_lvds
                0x178031a4       0x14 board/freescale/mx6sabresd/built-in.o
 .text.enable_rgb
                0x178031b8       0x24 board/freescale/mx6sabresd/built-in.o
 .text.do_enable_hdmi
                0x178031dc       0x18 board/freescale/mx6sabresd/built-in.o
 .text.dram_init
                0x178031f4       0x2c board/freescale/mx6sabresd/built-in.o
                0x178031f4                dram_init
 .text.board_spi_cs_gpio
                0x17803220       0x10 board/freescale/mx6sabresd/built-in.o
                0x17803220                board_spi_cs_gpio
 .text.mmc_get_env_devno
                0x17803230       0x24 board/freescale/mx6sabresd/built-in.o
                0x17803230                mmc_get_env_devno
 .text.board_mmc_getcd
                0x17803254       0x5c board/freescale/mx6sabresd/built-in.o
                0x17803254                board_mmc_getcd
 .text.board_mmc_init
                0x178032b0       0xb8 board/freescale/mx6sabresd/built-in.o
                0x178032b0                board_mmc_init
 .text.check_mmc_autodetect
                0x17803368       0x38 board/freescale/mx6sabresd/built-in.o
                0x17803368                check_mmc_autodetect
 .text.board_late_mmc_env_init
                0x178033a0       0x78 board/freescale/mx6sabresd/built-in.o
                0x178033a0                board_late_mmc_env_init
 .text.mx6_rgmii_rework
                0x17803418      0x10c board/freescale/mx6sabresd/built-in.o
                0x17803418                mx6_rgmii_rework
 .text.board_phy_config
                0x17803524       0x2c board/freescale/mx6sabresd/built-in.o
                0x17803524                board_phy_config
 .text.overwrite_console
                0x17803550        0x8 board/freescale/mx6sabresd/built-in.o
                0x17803550                overwrite_console
 .text.board_eth_init
                0x17803558       0x54 board/freescale/mx6sabresd/built-in.o
                0x17803558                board_eth_init
 .text.board_ehci_hcd_init
                0x178035ac       0x28 board/freescale/mx6sabresd/built-in.o
                0x178035ac                board_ehci_hcd_init
 .text.board_ehci_power
                0x178035d4       0x60 board/freescale/mx6sabresd/built-in.o
                0x178035d4                board_ehci_power
 .text.board_early_init_f
                0x17803634       0x8c board/freescale/mx6sabresd/built-in.o
                0x17803634                board_early_init_f
 .text.board_init
                0x178036c0       0x7c board/freescale/mx6sabresd/built-in.o
                0x178036c0                board_init
 .text.power_init_board
                0x1780373c      0x268 board/freescale/mx6sabresd/built-in.o
                0x1780373c                power_init_board
 .text.ldo_mode_set
                0x178039a4      0x2a0 board/freescale/mx6sabresd/built-in.o
                0x178039a4                ldo_mode_set
 .text.board_late_init
                0x17803c44       0x1c board/freescale/mx6sabresd/built-in.o
                0x17803c44                board_late_init
 .text.checkboard
                0x17803c60       0x18 board/freescale/mx6sabresd/built-in.o
                0x17803c60                checkboard
 .text.show_boot_progress
                0x17803c78        0x4 common/built-in.o
                0x17803c78                show_boot_progress
 .text.main_loop
                0x17803c7c       0x20 common/built-in.o
                0x17803c7c                main_loop
 .text.dummy    0x17803c9c        0x4 common/built-in.o
 .text.get_version
                0x17803ca0        0x8 common/built-in.o
                0x17803ca0                get_version
 .text.jumptable_init
                0x17803ca8      0x1c0 common/built-in.o
                0x17803ca8                jumptable_init
 .text.hash_command
                0x17803e68       0xb8 common/built-in.o
                0x17803e68                hash_command
 .text.b_reset  0x17803f20       0x1c common/built-in.o
 .text.static_get
                0x17803f3c       0x1c common/built-in.o
 .text.static_peek
                0x17803f58        0xc common/built-in.o
 .text.file_peek
                0x17803f64        0xc common/built-in.o
 .text.mapset   0x17803f70       0x20 common/built-in.o
 .text.syntax_err
                0x17803f90        0xc common/built-in.o
 .text.do_showvar
                0x17803f9c       0xf0 common/built-in.o
 .text.free_pipe_list
                0x1780408c       0xe8 common/built-in.o
 .text.b_addchr
                0x17804174       0x78 common/built-in.o
 .text.b_addqchr
                0x178041ec       0x4c common/built-in.o
 .text.is_assignment.part.0
                0x17804238       0x30 common/built-in.o
 .text.xmalloc  0x17804268       0x20 common/built-in.o
 .text.new_pipe
                0x17804288       0x28 common/built-in.o
 .text.file_get
                0x178042b0      0x1c8 common/built-in.o
 .text.xrealloc
                0x17804478       0x20 common/built-in.o
 .text.done_command
                0x17804498       0x8c common/built-in.o
 .text.done_pipe
                0x17804524       0x48 common/built-in.o
 .text.done_word
                0x1780456c      0x2cc common/built-in.o
 .text.get_local_var
                0x17804838       0x94 common/built-in.o
                0x17804838                get_local_var
 .text.set_local_var
                0x178048cc      0x1bc common/built-in.o
                0x178048cc                set_local_var
 .text.insert_var_value_sub
                0x17804a88      0x2b4 common/built-in.o
 .text.parse_string_outer
                0x17804d3c       0xf0 common/built-in.o
                0x17804d3c                parse_string_outer
 .text.run_list_real
                0x17804e2c      0x870 common/built-in.o
 .text.parse_stream_outer
                0x1780569c      0x6f4 common/built-in.o
 .text.parse_file_outer
                0x17805d90       0x44 common/built-in.o
                0x17805d90                parse_file_outer
 .text.u_boot_hush_start
                0x17805dd4       0x54 common/built-in.o
                0x17805dd4                u_boot_hush_start
 .text.bootdelay_process
                0x17805e28       0xcc common/built-in.o
                0x17805e28                bootdelay_process
 .text.autoboot_command
                0x17805ef4       0xd4 common/built-in.o
                0x17805ef4                autoboot_command
 .text.display_text_info
                0x17805fc8        0x8 common/built-in.o
 .text.setup_mon_len
                0x17805fd0       0x20 common/built-in.o
 .text.setup_fdt
                0x17805ff0        0x8 common/built-in.o
 .text.reserve_round_4k
                0x17805ff8       0x18 common/built-in.o
 .text.reserve_mmu
                0x17806010       0x38 common/built-in.o
 .text.reserve_trace
                0x17806048        0x8 common/built-in.o
 .text.reserve_uboot
                0x17806050       0x30 common/built-in.o
 .text.reserve_malloc
                0x17806080       0x18 common/built-in.o
 .text.setup_machine
                0x17806098       0x14 common/built-in.o
 .text.reserve_global_data
                0x178060ac       0x1c common/built-in.o
 .text.reserve_fdt
                0x178060c8       0x4c common/built-in.o
 .text.display_new_sp
                0x17806114        0x8 common/built-in.o
 .text.initf_malloc
                0x1780611c       0x1c common/built-in.o
 .text.reserve_arch
                0x17806138        0x8 common/built-in.o
                0x17806138                reserve_arch
 .text.setup_reloc
                0x17806140       0x28 common/built-in.o
 .text.reloc_fdt
                0x17806168       0x30 common/built-in.o
 .text.announce_dram_init
                0x17806198       0x18 common/built-in.o
 .text.init_func_i2c
                0x178061b0       0x28 common/built-in.o
 .text.init_baud_rate
                0x178061d8       0x2c common/built-in.o
 .text.initf_dm
                0x17806204        0x8 common/built-in.o
 .text.mark_bootstage
                0x1780620c       0x14 common/built-in.o
 .text.reserve_board
                0x17806220       0x38 common/built-in.o
 .text.coloured_LED_init
                0x17806258        0x4 common/built-in.o
                0x17806258                coloured_LED_init
 .text.red_led_on
                0x1780625c        0x4 common/built-in.o
                0x1780625c                red_led_on
 .text.board_add_ram_info
                0x17806260        0x4 common/built-in.o
                0x17806260                board_add_ram_info
 .text.show_dram_config
                0x17806264       0x38 common/built-in.o
 .text.dram_init_banksize
                0x1780629c       0x20 common/built-in.o
                0x1780629c                dram_init_banksize
 .text.setup_dram_config
                0x178062bc       0x10 common/built-in.o
 .text.board_get_usable_ram_top
                0x178062cc       0x14 common/built-in.o
                0x178062cc                board_get_usable_ram_top
 .text.setup_dest_addr
                0x178062e0       0x40 common/built-in.o
 .text.reserve_stacks
                0x17806320       0x1c common/built-in.o
 .text.board_init_f
                0x1780633c       0x28 common/built-in.o
                0x1780633c                board_init_f
 .text.bootstage_relocate
                0x17806364        0x8 common/built-in.o
 .text.initr_trace
                0x1780636c        0x8 common/built-in.o
 .text.initr_reloc_global_data
                0x17806374       0x28 common/built-in.o
 .text.initr_barrier
                0x1780639c        0x8 common/built-in.o
 .text.initr_announce
                0x178063a4        0x8 common/built-in.o
 .text.run_main_loop
                0x178063ac        0xc common/built-in.o
 .text.initr_net
                0x178063b8       0x20 common/built-in.o
 .text.initr_ethaddr
                0x178063d8       0x20 common/built-in.o
 .text.initr_enable_interrupts
                0x178063f8       0x10 common/built-in.o
 .text.initr_jumptable
                0x17806408       0x10 common/built-in.o
 .text.initr_env
                0x17806418       0x30 common/built-in.o
 .text.initr_mmc
                0x17806448       0x20 common/built-in.o
 .text.initr_serial
                0x17806468       0x10 common/built-in.o
 .text.initr_dm
                0x17806478       0x14 common/built-in.o
 .text.initr_malloc
                0x1780648c       0x24 common/built-in.o
 .text.initr_caches
                0x178064b0       0x10 common/built-in.o
 .text.initr_reloc
                0x178064c0       0x24 common/built-in.o
 .text.cpu_secondary_init_r
                0x178064e4        0x4 common/built-in.o
                0x178064e4                cpu_secondary_init_r
 .text.initr_secondary_cpu
                0x178064e8       0x10 common/built-in.o
 .text.board_init_r
                0x178064f8       0x14 common/built-in.o
                0x178064f8                board_init_r
 .text.show_board_info
                0x1780650c        0x4 common/built-in.o
                0x1780650c                show_board_info
 .text.do_go_exec
                0x17806510       0x18 common/built-in.o
                0x17806510                do_go_exec
 .text.do_go    0x17806528       0x6c common/built-in.o
 .text.image_info
                0x17806594       0xd0 common/built-in.o
 .text.do_bootd
                0x17806664       0x20 common/built-in.o
                0x17806664                do_bootd
 .text.do_bootm
                0x17806684      0x100 common/built-in.o
                0x17806684                do_bootm
 .text.do_iminfo
                0x17806784       0x60 common/built-in.o
 .text.bootm_maybe_autostart
                0x178067e4       0x74 common/built-in.o
                0x178067e4                bootm_maybe_autostart
 .text.do_bootz
                0x17806858       0xf8 common/built-in.o
                0x17806858                do_bootz
 .text.bootm_find_ramdisk_fdt
                0x17806950       0xa8 common/built-in.o
                0x17806950                bootm_find_ramdisk_fdt
 .text.bootm_decomp_image
                0x178069f8      0x154 common/built-in.o
                0x178069f8                bootm_decomp_image
 .text.bootm_disable_interrupts
                0x17806b4c       0x18 common/built-in.o
                0x17806b4c                bootm_disable_interrupts
 .text.do_bootm_states
                0x17806b64      0x740 common/built-in.o
                0x17806b64                do_bootm_states
 .text.copy_args
                0x178072a4       0x4c common/built-in.o
 .text.do_bootm_rtems
                0x178072f0       0x40 common/built-in.o
 .text.do_bootm_plan9
                0x17807330       0xa4 common/built-in.o
 .text.do_bootm_standalone
                0x178073d4       0x64 common/built-in.o
 .text.do_bootm_netbsd
                0x17807438       0xf4 common/built-in.o
 .text.do_bootvx_fdt
                0x1780752c      0x104 common/built-in.o
                0x1780752c                do_bootvx_fdt
 .text.do_bootm_vxworks
                0x17807630       0x24 common/built-in.o
 .text.boot_selected_os
                0x17807654       0x58 common/built-in.o
                0x17807654                boot_selected_os
 .text.bootm_os_get_boot_func
                0x178076ac       0x10 common/built-in.o
                0x178076ac                bootm_os_get_boot_func
 .text.do_help  0x178076bc       0x44 common/built-in.o
 .text.do_version
                0x17807700       0x38 common/built-in.o
 .text.reverse_strstr.part.0
                0x17807738       0x50 common/built-in.o
 .text.env_attr_walk
                0x17807788      0x10c common/built-in.o
                0x17807788                env_attr_walk
 .text.env_attr_lookup
                0x17807894      0x144 common/built-in.o
                0x17807894                env_attr_lookup
 .text.clear_callback
                0x178079d8       0x10 common/built-in.o
 .text.on_callbacks
                0x178079e8       0x48 common/built-in.o
 .text.find_env_callback
                0x17807a30       0x64 common/built-in.o
 .text.set_callback
                0x17807a94       0x94 common/built-in.o
 .text.env_callback_init
                0x17807b28       0xc0 common/built-in.o
                0x17807b28                env_callback_init
 .text.skip_num
                0x17807be8       0x70 common/built-in.o
 .text.clear_flags
                0x17807c58       0x10 common/built-in.o
 .text.on_flags
                0x17807c68       0x48 common/built-in.o
 .text.env_flags_parse_vartype
                0x17807cb0       0x4c common/built-in.o
                0x17807cb0                env_flags_parse_vartype
 .text.env_flags_parse_varaccess
                0x17807cfc       0x54 common/built-in.o
                0x17807cfc                env_flags_parse_varaccess
 .text.set_flags
                0x17807d50       0xac common/built-in.o
 .text.env_flags_init
                0x17807dfc       0xd0 common/built-in.o
                0x17807dfc                env_flags_init
 .text.env_flags_validate
                0x17807ecc      0x310 common/built-in.o
                0x17807ecc                env_flags_validate
 .text.mmc_get_env_addr
                0x178081dc       0x10 common/built-in.o
                0x178081dc                mmc_get_env_addr
 .text.env_init
                0x178081ec       0x1c common/built-in.o
                0x178081ec                env_init
 .text.mmc_get_env_part
                0x17808208        0x8 common/built-in.o
                0x17808208                mmc_get_env_part
 .text.init_mmc_for_env
                0x17808210       0x74 common/built-in.o
 .text.fini_mmc_for_env
                0x17808284       0x30 common/built-in.o
 .text.saveenv  0x178082b4      0x114 common/built-in.o
                0x178082b4                saveenv
 .text.env_relocate_spec
                0x178083c8       0xe8 common/built-in.o
                0x178083c8                env_relocate_spec
 .text.source   0x178084b0       0xdc common/built-in.o
                0x178084b0                source
 .text.do_source
                0x1780858c       0x44 common/built-in.o
 .text.print_num
                0x178085d0       0x18 common/built-in.o
 .text.do_bdinfo
                0x178085e8      0x18c common/built-in.o
 .text.parse_argv
                0x17808774       0x5c common/built-in.o
 .text.do_icache
                0x178087d0       0x90 common/built-in.o
 .text.do_dcache
                0x17808860       0x90 common/built-in.o
 .text.do_coninfo
                0x178088f0       0xb8 common/built-in.o
 .text.do_echo  0x178089a8       0xc0 common/built-in.o
 .text.do_exit  0x17808a68       0x30 common/built-in.o
 .text.do_ext4_write
                0x17808a98       0x14 common/built-in.o
                0x17808a98                do_ext4_write
 .text.do_ext4_ls
                0x17808aac       0x14 common/built-in.o
                0x17808aac                do_ext4_ls
 .text.do_ext4_load
                0x17808ac0       0x14 common/built-in.o
                0x17808ac0                do_ext4_load
 .text.do_ext4_size
                0x17808ad4       0x14 common/built-in.o
                0x17808ad4                do_ext4_size
 .text.do_ext2ls
                0x17808ae8       0x14 common/built-in.o
 .text.do_ext2load
                0x17808afc       0x14 common/built-in.o
                0x17808afc                do_ext2load
 .text.do_fat_ls
                0x17808b10       0x14 common/built-in.o
 .text.do_fat_fsload
                0x17808b24       0x14 common/built-in.o
                0x17808b24                do_fat_fsload
 .text.do_fat_size
                0x17808b38       0x14 common/built-in.o
                0x17808b38                do_fat_size
 .text.do_fat_fsinfo
                0x17808b4c       0x90 common/built-in.o
 .text.fdt_valid
                0x17808bdc       0xc4 common/built-in.o
 .text.is_printable_string
                0x17808ca0       0x98 common/built-in.o
 .text.print_data
                0x17808d38      0x170 common/built-in.o
 .text.set_working_fdt_addr
                0x17808ea8       0x1c common/built-in.o
                0x17808ea8                set_working_fdt_addr
 .text.do_fdt   0x17808ec4      0xeb8 common/built-in.o
 .text.fdt_find_and_setprop
                0x17809d7c       0x70 common/built-in.o
                0x17809d7c                fdt_find_and_setprop
 .text.fdt_find_or_add_subnode
                0x17809dec       0x68 common/built-in.o
                0x17809dec                fdt_find_or_add_subnode
 .text.fdt_initrd
                0x17809e54      0x1e0 common/built-in.o
                0x17809e54                fdt_initrd
 .text.fdt_chosen
                0x1780a034       0xa4 common/built-in.o
                0x1780a034                fdt_chosen
 .text.do_fixup_by_path
                0x1780a0d8       0x54 common/built-in.o
                0x1780a0d8                do_fixup_by_path
 .text.fdt_fixup_memory_banks
                0x1780a12c      0x1d0 common/built-in.o
                0x1780a12c                fdt_fixup_memory_banks
 .text.fdt_fixup_memory
                0x1780a2fc       0x20 common/built-in.o
                0x1780a2fc                fdt_fixup_memory
 .text.fdt_fixup_ethernet
                0x1780a31c      0x158 common/built-in.o
                0x1780a31c                fdt_fixup_ethernet
 .text.fdt_shrink_to_minimum
                0x1780a474       0xd0 common/built-in.o
                0x1780a474                fdt_shrink_to_minimum
 .text.do_flinfo
                0x1780a544        0x8 common/built-in.o
 .text.do_flerase
                0x1780a54c        0x8 common/built-in.o
 .text.do_protect
                0x1780a554       0x10 common/built-in.o
 .text.strtou32
                0x1780a564       0x40 common/built-in.o
 .text.do_fuse  0x1780a5a4      0x350 common/built-in.o
 .text.do_i2c   0x1780a8f4       0x60 common/built-in.o
 .text.i2c_report_err
                0x1780a954       0x38 common/built-in.o
 .text.do_i2c_reset
                0x1780a98c       0x30 common/built-in.o
 .text.do_i2c_probe
                0x1780a9bc       0x9c common/built-in.o
 .text.do_i2c_bus_num
                0x1780aa58       0xb8 common/built-in.o
 .text.do_i2c_bus_speed
                0x1780ab10       0x74 common/built-in.o
 .text.do_i2c_show_bus
                0x1780ab84       0xe4 common/built-in.o
 .text.get_alen.constprop.5
                0x1780ac68       0x44 common/built-in.o
 .text.do_i2c_crc
                0x1780acac      0x114 common/built-in.o
 .text.mod_i2c_mem.isra.4
                0x1780adc0      0x1e0 common/built-in.o
 .text.do_i2c_nm
                0x1780afa0        0x8 common/built-in.o
 .text.do_i2c_mm
                0x1780afa8        0x8 common/built-in.o
 .text.do_i2c_md
                0x1780afb0      0x1bc common/built-in.o
 .text.do_i2c_loop
                0x1780b16c       0xd4 common/built-in.o
 .text.do_i2c_read
                0x1780b240       0xb0 common/built-in.o
 .text.do_i2c_mw
                0x1780b2f0       0xec common/built-in.o
 .text.do_i2c_write
                0x1780b3dc      0x144 common/built-in.o
 .text.i2c_init_board
                0x1780b520        0x4 common/built-in.o
                0x1780b520                i2c_init_board
 .text.evalexp  0x1780b524       0x70 common/built-in.o
 .text.evalstr  0x1780b594       0x70 common/built-in.o
 .text.binary_test
                0x1780b604      0x19c common/built-in.o
 .text.do_itest
                0x1780b7a0       0x98 common/built-in.o
 .text.bin_data_init
                0x1780b838       0x2c common/built-in.o
 .text.k_data_save
                0x1780b864       0x4c common/built-in.o
 .text.k_data_restore
                0x1780b8b0       0x4c common/built-in.o
 .text.load_serial_ymodem
                0x1780b8fc       0xe0 common/built-in.o
 .text.getcxmodem
                0x1780b9dc       0x20 common/built-in.o
 .text.load_serial
                0x1780b9fc      0x1d4 common/built-in.o
 .text.do_load_serial
                0x1780bbd0       0xdc common/built-in.o
 .text.bin_data_char
                0x1780bcac       0x28 common/built-in.o
 .text.s1_sendpacket.constprop.1
                0x1780bcd4       0x50 common/built-in.o
 .text.chk1.constprop.2
                0x1780bd24       0x30 common/built-in.o
 .text.do_load_serial_bin
                0x1780bd54      0x794 common/built-in.o
 .text.do_mem_mtest
                0x1780c4e8      0x20c common/built-in.o
 .text.do_mem_loop
                0x1780c6f4      0x104 common/built-in.o
 .text.do_mem_base
                0x1780c7f8       0x40 common/built-in.o
 .text.do_mem_cmp
                0x1780c838      0x160 common/built-in.o
 .text.do_mem_cp
                0x1780c998       0xd4 common/built-in.o
 .text.do_mem_mw
                0x1780ca6c       0xb8 common/built-in.o
 .text.do_mem_crc
                0x1780cb24       0x44 common/built-in.o
 .text.do_mem_md
                0x1780cb68       0xe4 common/built-in.o
 .text.mod_mem.isra.2
                0x1780cc4c      0x15c common/built-in.o
 .text.do_mem_nm
                0x1780cda8        0x8 common/built-in.o
 .text.do_mem_mm
                0x1780cdb0        0x8 common/built-in.o
 .text.miiphy_get_dev_by_name
                0x1780cdb8       0x5c common/built-in.o
                0x1780cdb8                miiphy_get_dev_by_name
 .text.miiphy_init
                0x1780ce14       0x24 common/built-in.o
                0x1780ce14                miiphy_init
 .text.mdio_alloc
                0x1780ce38       0x30 common/built-in.o
                0x1780ce38                mdio_alloc
 .text.mdio_register
                0x1780ce68       0x94 common/built-in.o
                0x1780ce68                mdio_register
 .text.mdio_list_devices
                0x1780cefc       0x98 common/built-in.o
                0x1780cefc                mdio_list_devices
 .text.miiphy_set_current_dev
                0x1780cf94       0x40 common/built-in.o
                0x1780cf94                miiphy_set_current_dev
 .text.miiphy_get_active_dev
                0x1780cfd4       0x50 common/built-in.o
 .text.mdio_get_current_dev
                0x1780d024       0x10 common/built-in.o
                0x1780d024                mdio_get_current_dev
 .text.mdio_phydev_for_ethname
                0x1780d034       0x88 common/built-in.o
                0x1780d034                mdio_phydev_for_ethname
 .text.miiphy_get_current_dev
                0x1780d0bc       0x18 common/built-in.o
                0x1780d0bc                miiphy_get_current_dev
 .text.miiphy_read
                0x1780d0d4       0x48 common/built-in.o
                0x1780d0d4                miiphy_read
 .text.miiphy_write
                0x1780d11c       0x3c common/built-in.o
                0x1780d11c                miiphy_write
 .text.miiphy_listdev
                0x1780d158       0x70 common/built-in.o
                0x1780d158                miiphy_listdev
 .text.miiphy_info
                0x1780d1c8       0x84 common/built-in.o
                0x1780d1c8                miiphy_info
 .text.miiphy_speed
                0x1780d24c       0x8c common/built-in.o
                0x1780d24c                miiphy_speed
 .text.miiphy_duplex
                0x1780d2d8       0x8c common/built-in.o
                0x1780d2d8                miiphy_duplex
 .text.miiphy_is_1000base_x
                0x1780d364        0x8 common/built-in.o
                0x1780d364                miiphy_is_1000base_x
 .text.extract_range
                0x1780d36c       0xd4 common/built-in.o
 .text.do_mii   0x1780d440      0x794 common/built-in.o
 .text.do_mdio  0x1780dbd4      0x4cc common/built-in.o
 .text.do_sleep
                0x1780e0a0       0x74 common/built-in.o
 .text.do_mmcops
                0x1780e114       0xb8 common/built-in.o
 .text.do_mmc_list
                0x1780e1cc       0x14 common/built-in.o
 .text.init_mmc_device
                0x1780e1e0       0x50 common/built-in.o
 .text.do_mmc_rescan
                0x1780e230       0x24 common/built-in.o
 .text.do_mmcinfo
                0x1780e254      0x378 common/built-in.o
 .text.do_mmc_rst_func
                0x1780e5cc       0xa0 common/built-in.o
 .text.do_mmc_partconf
                0x1780e66c       0xb4 common/built-in.o
 .text.do_mmc_boot_resize
                0x1780e720       0xd0 common/built-in.o
 .text.do_mmc_bootbus
                0x1780e7f0       0xb4 common/built-in.o
 .text.do_mmc_hwpartition
                0x1780e8a4      0x510 common/built-in.o
 .text.do_mmc_dev
                0x1780edb4      0x138 common/built-in.o
 .text.do_mmc_part
                0x1780eeec       0x64 common/built-in.o
 .text.do_mmc_erase
                0x1780ef50       0xec common/built-in.o
 .text.do_mmc_write
                0x1780f03c      0x104 common/built-in.o
 .text.do_mmc_read
                0x1780f140       0xe8 common/built-in.o
 .text.do_mmc_setdsr
                0x1780f228       0xa8 common/built-in.o
 .text.cpu_cmd  0x1780f2d0      0x10c common/built-in.o
 .text.netboot_common
                0x1780f3dc      0x29c common/built-in.o
 .text.do_nfs   0x1780f678        0xc common/built-in.o
 .text.do_dhcp  0x1780f684        0xc common/built-in.o
 .text.do_bootp
                0x1780f690        0xc common/built-in.o
 .text.do_tftpb
                0x1780f69c       0x40 common/built-in.o
                0x1780f69c                do_tftpb
 .text.do_ping  0x1780f6dc       0x78 common/built-in.o
 .text.bytes_per_second
                0x1780f754       0x54 common/built-in.o
 .text.do_spi_flash
                0x1780f7a8      0x750 common/built-in.o
 .text.get_arg.part.0
                0x1780fef8       0x3c common/built-in.o
 .text.do_setexpr
                0x1780ff34      0x188 common/built-in.o
 .text.do_false
                0x178100bc        0x8 common/built-in.o
 .text.do_true  0x178100c4        0x8 common/built-in.o
 .text.do_test  0x178100cc      0x330 common/built-in.o
 .text.usb_get_class_desc
                0x178103fc       0xac common/built-in.o
 .text.do_usbboot
                0x178104a8        0xc common/built-in.o
 .text.usb_display_class_sub
                0x178104b4      0x174 common/built-in.o
 .text.usb_find_device
                0x17810628       0x3c common/built-in.o
 .text.usb_show_tree_graph
                0x17810664      0x21c common/built-in.o
 .text.usb_display_string
                0x17810880       0x44 common/built-in.o
 .text.usb_display_config
                0x178108c4      0x218 common/built-in.o
 .text.do_usb_start
                0x17810adc       0x44 common/built-in.o
 .text.usb_display_desc.part.3
                0x17810b20      0x11c common/built-in.o
 .text.do_usb   0x17810c3c      0x778 common/built-in.o
 .text.usb_set_maxpacket_ep
                0x178113b4       0x68 common/built-in.o
 .text.usb_stop
                0x1781141c       0x5c common/built-in.o
                0x1781141c                usb_stop
 .text.usb_disable_asynch
                0x17811478       0x20 common/built-in.o
                0x17811478                usb_disable_asynch
 .text.usb_control_msg
                0x17811498       0xc0 common/built-in.o
                0x17811498                usb_control_msg
 .text.usb_get_descriptor
                0x17811558       0x50 common/built-in.o
 .text.usb_get_string
                0x178115a8       0x6c common/built-in.o
 .text.usb_string_sub
                0x17811614      0x104 common/built-in.o
 .text.usb_bulk_msg
                0x17811718       0x74 common/built-in.o
                0x17811718                usb_bulk_msg
 .text.usb_maxpacket
                0x1781178c       0x1c common/built-in.o
                0x1781178c                usb_maxpacket
 .text.usb_clear_halt
                0x178117a8       0xa0 common/built-in.o
                0x178117a8                usb_clear_halt
 .text.usb_get_configuration_no
                0x17811848       0xb8 common/built-in.o
                0x17811848                usb_get_configuration_no
 .text.usb_set_interface
                0x17811900       0xb4 common/built-in.o
                0x17811900                usb_set_interface
 .text.usb_string
                0x178119b4      0x100 common/built-in.o
                0x178119b4                usb_string
 .text.usb_get_dev_index
                0x17811ab4       0x24 common/built-in.o
                0x17811ab4                usb_get_dev_index
 .text.usb_alloc_new_device
                0x17811ad8       0x8c common/built-in.o
                0x17811ad8                usb_alloc_new_device
 .text.usb_free_device
                0x17811b64       0x48 common/built-in.o
                0x17811b64                usb_free_device
 .text.usb_alloc_device
                0x17811bac        0x8 common/built-in.o
                0x17811bac                usb_alloc_device
 .text.usb_new_device
                0x17811bb4      0x5c8 common/built-in.o
                0x17811bb4                usb_new_device
 .text.usb_init
                0x1781217c      0x144 common/built-in.o
                0x1781217c                usb_init
 .text.usb_get_hub_descriptor
                0x178122c0       0x50 common/built-in.o
 .text.usb_get_port_status
                0x17812310       0x4c common/built-in.o
 .text.usb_set_port_feature
                0x1781235c       0x4c common/built-in.o
 .text.usb_clear_port_feature
                0x178123a8       0x4c common/built-in.o
 .text.usb_hub_power_on
                0x178123f4       0x44 common/built-in.o
 .text.usb_hub_reset_devices
                0x17812438        0x4 common/built-in.o
                0x17812438                usb_hub_reset_devices
 .text.usb_hub_reset
                0x1781243c       0x14 common/built-in.o
                0x1781243c                usb_hub_reset
 .text.hub_port_reset
                0x17812450       0x98 common/built-in.o
                0x17812450                hub_port_reset
 .text.usb_hub_port_connect_change
                0x178124e8      0x128 common/built-in.o
                0x178124e8                usb_hub_port_connect_change
 .text.usb_hub_configure
                0x17812610      0x2dc common/built-in.o
 .text.usb_hub_probe
                0x178128ec       0x58 common/built-in.o
                0x178128ec                usb_hub_probe
 .text.usb_stor_irq
                0x17812944       0x1c common/built-in.o
 .text.usb_request_sense
                0x17812960       0x68 common/built-in.o
 .text.usb_stor_BBB_reset
                0x178129c8       0xd0 common/built-in.o
 .text.usb_stor_CB_reset
                0x17812a98       0xcc common/built-in.o
 .text.usb_stor_BBB_clear_endpt_stall.isra.0
                0x17812b64       0x40 common/built-in.o
 .text.usb_stor_BBB_transport
                0x17812ba4      0x25c common/built-in.o
 .text.usb_stor_CB_comdat
                0x17812e00      0x220 common/built-in.o
 .text.usb_stor_CBI_get_status.isra.2
                0x17813020       0xc8 common/built-in.o
 .text.usb_stor_CB_transport
                0x178130e8      0x200 common/built-in.o
 .text.usb_stor_write
                0x178132e8      0x1a4 common/built-in.o
                0x178132e8                usb_stor_write
 .text.usb_stor_read
                0x1781348c      0x1a4 common/built-in.o
                0x1781348c                usb_stor_read
 .text.usb_stor_get_dev
                0x17813630       0x28 common/built-in.o
                0x17813630                usb_stor_get_dev
 .text.usb_stor_info
                0x17813658       0x70 common/built-in.o
                0x17813658                usb_stor_info
 .text.usb_storage_probe
                0x178136c8      0x218 common/built-in.o
                0x178136c8                usb_storage_probe
 .text.usb_stor_get_info
                0x178138e0      0x328 common/built-in.o
                0x178138e0                usb_stor_get_info
 .text.usb_stor_scan
                0x17813c08      0x1e4 common/built-in.o
                0x17813c08                usb_stor_scan
 .text.do_imgextract
                0x17813dec      0x29c common/built-in.o
 .text.splash_screen_prepare
                0x17814088        0x8 common/built-in.o
                0x17814088                splash_screen_prepare
 .text.splash_get_pos
                0x17814090       0x84 common/built-in.o
                0x17814090                splash_get_pos
 .text.do_env_delete
                0x17814114       0xa8 common/built-in.o
 .text.do_env_exists
                0x178141bc       0x60 common/built-in.o
 .text.env_print
                0x1781421c       0xc8 common/built-in.o
 .text.do_env_print
                0x178142e4       0xc0 common/built-in.o
 .text.do_env   0x178143a4       0x60 common/built-in.o
 .text.do_env_import
                0x17814404      0x294 common/built-in.o
 .text.do_env_default
                0x17814698       0xb4 common/built-in.o
 .text.do_env_save
                0x1781474c       0x2c common/built-in.o
 .text._do_env_set.isra.1
                0x17814778      0x1d8 common/built-in.o
 .text.do_env_set
                0x17814950       0x1c common/built-in.o
 .text.get_env_id
                0x1781496c       0x10 common/built-in.o
                0x1781496c                get_env_id
 .text.setenv   0x1781497c       0x58 common/built-in.o
                0x1781497c                setenv
 .text.setenv_ulong
                0x178149d4       0x20 common/built-in.o
                0x178149d4                setenv_ulong
 .text.setenv_hex
                0x178149f4       0x34 common/built-in.o
                0x178149f4                setenv_hex
 .text.do_env_export
                0x17814a28      0x268 common/built-in.o
 .text.envmatch
                0x17814c90       0x6c common/built-in.o
                0x17814c90                envmatch
 .text.getenv_f
                0x17814cfc       0xb8 common/built-in.o
                0x17814cfc                getenv_f
 .text.getenv   0x17814db4       0x78 common/built-in.o
                0x17814db4                getenv
 .text.do_env_edit
                0x17814e2c       0x70 common/built-in.o
 .text.getenv_ulong
                0x17814e9c       0x30 common/built-in.o
                0x17814e9c                getenv_ulong
 .text.getenv_hex
                0x17814ecc       0x34 common/built-in.o
                0x17814ecc                getenv_hex
 .text.env_get_char_spec
                0x17814f00        0xc common/built-in.o
                0x17814f00                env_get_char_spec
 .text.env_get_addr
                0x17814f0c       0x24 common/built-in.o
                0x17814f0c                env_get_addr
 .text.env_get_char_memory
                0x17814f30       0x10 common/built-in.o
                0x17814f30                env_get_char_memory
 .text.env_get_char
                0x17814f40       0x30 common/built-in.o
                0x17814f40                env_get_char
 .text.getenv_yesno
                0x17814f70       0x54 common/built-in.o
                0x17814f70                getenv_yesno
 .text.getenv_default
                0x17814fc4       0x30 common/built-in.o
                0x17814fc4                getenv_default
 .text.set_default_env
                0x17814ff4       0xbc common/built-in.o
                0x17814ff4                set_default_env
 .text.set_default_vars
                0x178150b0       0x3c common/built-in.o
                0x178150b0                set_default_vars
 .text.env_import
                0x178150ec       0xdc common/built-in.o
                0x178150ec                env_import
 .text.env_export
                0x178151c8       0xa0 common/built-in.o
                0x178151c8                env_export
 .text.env_relocate
                0x17815268       0x30 common/built-in.o
                0x17815268                env_relocate
 .text.env_complete
                0x17815298       0xe4 common/built-in.o
                0x17815298                env_complete
 .text.console_setfile
                0x1781537c       0xc0 common/built-in.o
 .text.serial_printf
                0x1781543c       0x4c common/built-in.o
                0x1781543c                serial_printf
 .text.fgetc    0x17815488       0x2c common/built-in.o
                0x17815488                fgetc
 .text.getc     0x178154b4       0x24 common/built-in.o
                0x178154b4                getc
 .text.ftstc    0x178154d8       0x2c common/built-in.o
                0x178154d8                ftstc
 .text.tstc     0x17815504       0x24 common/built-in.o
                0x17815504                tstc
 .text.fputc    0x17815528       0x24 common/built-in.o
                0x17815528                fputc
 .text.putc     0x1781554c       0x28 common/built-in.o
                0x1781554c                putc
 .text.fputs    0x17815574       0x24 common/built-in.o
                0x17815574                fputs
 .text.puts     0x17815598       0x28 common/built-in.o
                0x17815598                puts
 .text.printf   0x178155c0       0x58 common/built-in.o
                0x178155c0                printf
 .text.vprintf  0x17815618       0x3c common/built-in.o
                0x17815618                vprintf
 .text.ctrlc    0x17815654       0x54 common/built-in.o
                0x17815654                ctrlc
 .text.confirm_yesno
                0x178156a8       0xc4 common/built-in.o
                0x178156a8                confirm_yesno
 .text.had_ctrlc
                0x1781576c       0x10 common/built-in.o
                0x1781576c                had_ctrlc
 .text.clear_ctrlc
                0x1781577c       0x14 common/built-in.o
                0x1781577c                clear_ctrlc
 .text.search_device
                0x17815790       0x28 common/built-in.o
                0x17815790                search_device
 .text.console_assign
                0x178157b8       0x40 common/built-in.o
                0x178157b8                console_assign
 .text.on_console
                0x178157f8       0xc4 common/built-in.o
 .text.console_init_f
                0x178158bc       0x10 common/built-in.o
                0x178158bc                console_init_f
 .text.stdio_print_current_devices
                0x178158cc       0xb4 common/built-in.o
                0x178158cc                stdio_print_current_devices
 .text.console_init_r
                0x17815980      0x168 common/built-in.o
                0x17815980                console_init_r
 .text.sbrk     0x17815ae8       0x6c common/built-in.o
                0x17815ae8                sbrk
 .text.mem_malloc_init
                0x17815b54       0x34 common/built-in.o
                0x17815b54                mem_malloc_init
 .text.malloc_trim
                0x17815b88       0xd8 common/built-in.o
                0x17815b88                malloc_trim
 .text.free     0x17815c60      0x248 common/built-in.o
                0x17815c60                free
 .text.malloc   0x17815ea8      0x614 common/built-in.o
                0x17815ea8                malloc
 .text.calloc   0x178164bc      0x138 common/built-in.o
                0x178164bc                calloc
 .text.memalign
                0x178165f4      0x110 common/built-in.o
                0x178165f4                memalign
 .text.realloc  0x17816704      0x420 common/built-in.o
                0x17816704                realloc
 .text.malloc_simple
                0x17816b24       0x30 common/built-in.o
                0x17816b24                malloc_simple
 .text.on_loadaddr
                0x17816b54       0x38 common/built-in.o
 .text.image_check_hcrc
                0x17816b8c       0x4c common/built-in.o
                0x17816b8c                image_check_hcrc
 .text.image_check_dcrc
                0x17816bd8       0x38 common/built-in.o
                0x17816bd8                image_check_dcrc
 .text.image_multi_count
                0x17816c10       0x24 common/built-in.o
                0x17816c10                image_multi_count
 .text.image_multi_getimg
                0x17816c34       0x7c common/built-in.o
                0x17816c34                image_multi_getimg
 .text.getenv_bootm_low
                0x17816cb0       0x30 common/built-in.o
                0x17816cb0                getenv_bootm_low
 .text.getenv_bootm_size
                0x17816ce0       0x5c common/built-in.o
                0x17816ce0                getenv_bootm_size
 .text.getenv_bootm_mapsize
                0x17816d3c       0x30 common/built-in.o
                0x17816d3c                getenv_bootm_mapsize
 .text.memmove_wd
                0x17816d6c        0xc common/built-in.o
                0x17816d6c                memmove_wd
 .text.genimg_print_size
                0x17816d78       0x30 common/built-in.o
                0x17816d78                genimg_print_size
 .text.get_table_entry_name
                0x17816da8       0x2c common/built-in.o
                0x17816da8                get_table_entry_name
 .text.genimg_get_os_name
                0x17816dd4       0x18 common/built-in.o
                0x17816dd4                genimg_get_os_name
 .text.genimg_get_arch_name
                0x17816dec       0x18 common/built-in.o
                0x17816dec                genimg_get_arch_name
 .text.genimg_get_type_name
                0x17816e04       0x18 common/built-in.o
                0x17816e04                genimg_get_type_name
 .text.genimg_get_comp_name
                0x17816e1c       0x18 common/built-in.o
                0x17816e1c                genimg_get_comp_name
 .text.image_print_contents
                0x17816e34      0x170 common/built-in.o
                0x17816e34                image_print_contents
 .text.genimg_get_kernel_addr_fit
                0x17816fa4       0x24 common/built-in.o
                0x17816fa4                genimg_get_kernel_addr_fit
 .text.genimg_get_format
                0x17816fc8       0x38 common/built-in.o
                0x17816fc8                genimg_get_format
 .text.genimg_get_image
                0x17817000        0x4 common/built-in.o
                0x17817000                genimg_get_image
 .text.genimg_has_config
                0x17817004        0x8 common/built-in.o
                0x17817004                genimg_has_config
 .text.boot_get_ramdisk
                0x1781700c      0x240 common/built-in.o
                0x1781700c                boot_get_ramdisk
 .text.boot_ramdisk_high
                0x1781724c      0x12c common/built-in.o
                0x1781724c                boot_ramdisk_high
 .text.boot_get_setup
                0x17817378        0x8 common/built-in.o
                0x17817378                boot_get_setup
 .text.image_setup_linux
                0x17817380       0x88 common/built-in.o
                0x17817380                image_setup_linux
 .text.fdt_error
                0x17817408       0x2c common/built-in.o
 .text.boot_fdt_add_mem_rsv_regions
                0x17817434       0x88 common/built-in.o
                0x17817434                boot_fdt_add_mem_rsv_regions
 .text.boot_relocate_fdt
                0x178174bc      0x19c common/built-in.o
                0x178174bc                boot_relocate_fdt
 .text.boot_get_fdt
                0x17817658      0x2ac common/built-in.o
                0x17817658                boot_get_fdt
 .text.ft_verify_fdt
                0x17817904        0x8 common/built-in.o
                0x17817904                ft_verify_fdt
 .text.image_setup_libfdt
                0x1781790c       0xe4 common/built-in.o
                0x1781790c                image_setup_libfdt
 .text.get_effective_memsize
                0x178179f0        0x8 common/built-in.o
                0x178179f0                get_effective_memsize
 .text.nulldev_putc
                0x178179f8        0x4 common/built-in.o
 .text.nulldev_puts
                0x178179fc        0x4 common/built-in.o
 .text.nulldev_input
                0x17817a00        0x8 common/built-in.o
 .text.stdio_serial_tstc
                0x17817a08        0x4 common/built-in.o
 .text.stdio_serial_getc
                0x17817a0c        0x4 common/built-in.o
 .text.stdio_serial_puts
                0x17817a10        0x8 common/built-in.o
 .text.stdio_serial_putc
                0x17817a18        0x8 common/built-in.o
 .text.stdio_get_list
                0x17817a20        0xc common/built-in.o
                0x17817a20                stdio_get_list
 .text.stdio_get_by_name
                0x17817a2c       0x54 common/built-in.o
                0x17817a2c                stdio_get_by_name
 .text.stdio_clone
                0x17817a80       0x38 common/built-in.o
                0x17817a80                stdio_clone
 .text.stdio_register_dev
                0x17817ab8       0x50 common/built-in.o
                0x17817ab8                stdio_register_dev
 .text.stdio_register
                0x17817b08        0x8 common/built-in.o
                0x17817b08                stdio_register
 .text.stdio_init_tables
                0x17817b10       0x1c common/built-in.o
                0x17817b10                stdio_init_tables
 .text.stdio_add_devices
                0x17817b2c       0xd8 common/built-in.o
                0x17817b2c                stdio_add_devices
 .text.run_command
                0x17817c04       0x10 common/built-in.o
                0x17817c04                run_command
 .text.run_command_list
                0x17817c14       0x5c common/built-in.o
                0x17817c14                run_command_list
 .text.do_run   0x17817c70       0x7c common/built-in.o
                0x17817c70                do_run
 .text.cli_loop
                0x17817cec        0xc common/built-in.o
                0x17817cec                cli_loop
 .text.cli_init
                0x17817cf8        0x4 common/built-in.o
                0x17817cf8                cli_init
 .text.delete_char.part.0
                0x17817cfc       0xd4 common/built-in.o
 .text.cread_add_char
                0x17817dd0       0xec common/built-in.o
 .text.cli_readline_into_buffer
                0x17817ebc      0x9b0 common/built-in.o
                0x17817ebc                cli_readline_into_buffer
 .text.cli_readline
                0x1781886c       0x14 common/built-in.o
                0x1781886c                cli_readline
 .text.find_cmd_tbl
                0x17818880       0x9c common/built-in.o
                0x17818880                find_cmd_tbl
 .text.find_cmd
                0x1781891c       0x28 common/built-in.o
                0x1781891c                find_cmd
 .text.cmd_usage
                0x17818944       0x5c common/built-in.o
                0x17818944                cmd_usage
 .text._do_help
                0x178189a0      0x188 common/built-in.o
                0x178189a0                _do_help
 .text.var_complete
                0x17818b28       0x84 common/built-in.o
                0x17818b28                var_complete
 .text.cmd_auto_complete
                0x17818bac      0x4bc common/built-in.o
                0x17818bac                cmd_auto_complete
 .text.cmd_get_data_size
                0x17819068       0x50 common/built-in.o
                0x17819068                cmd_get_data_size
 .text.cmd_process
                0x178190b8       0xec common/built-in.o
                0x178190b8                cmd_process
 .text.cmd_process_error
                0x178191a4       0x30 common/built-in.o
                0x178191a4                cmd_process_error
 .text.hex1_bin
                0x178191d4       0x38 common/built-in.o
 .text.hex2_bin
                0x1781920c       0x34 common/built-in.o
 .text.srec_decode
                0x17819240      0x260 common/built-in.o
                0x17819240                srec_decode
 .text.CYGACC_COMM_IF_GETC_TIMEOUT.isra.1
                0x178194a0       0x4c common/built-in.o
 .text.xyzModem_flush
                0x178194ec       0x18 common/built-in.o
 .text.xyzModem_get_hdr
                0x17819504      0x244 common/built-in.o
 .text.xyzModem_stream_open
                0x17819748      0x24c common/built-in.o
                0x17819748                xyzModem_stream_open
 .text.xyzModem_stream_read
                0x17819994      0x244 common/built-in.o
                0x17819994                xyzModem_stream_read
 .text.xyzModem_stream_close
                0x17819bd8       0x50 common/built-in.o
                0x17819bd8                xyzModem_stream_close
 .text.xyzModem_stream_terminate
                0x17819c28       0x94 common/built-in.o
                0x17819c28                xyzModem_stream_terminate
 .text.xyzModem_error
                0x17819cbc       0x20 common/built-in.o
                0x17819cbc                xyzModem_error
 .text.common_diskboot
                0x17819cdc      0x238 common/built-in.o
                0x17819cdc                common_diskboot
 .text.get_dev_hwpart
                0x17819f14       0xb4 disk/built-in.o
 .text.dev_print
                0x17819fc8      0x218 disk/built-in.o
                0x17819fc8                dev_print
 .text.init_part
                0x1781a1e0       0x20 disk/built-in.o
                0x1781a1e0                init_part
 .text.print_part
                0x1781a200       0xf8 disk/built-in.o
                0x1781a200                print_part
 .text.get_partition_info
                0x1781a2f8       0x28 disk/built-in.o
                0x1781a2f8                get_partition_info
 .text.get_device
                0x1781a320      0x110 disk/built-in.o
                0x1781a320                get_device
 .text.get_device_and_partition
                0x1781a430      0x424 disk/built-in.o
                0x1781a430                get_device_and_partition
 .text.test_block_type
                0x1781a854       0x88 disk/built-in.o
 .text.print_partition_extended
                0x1781a8dc      0x250 disk/built-in.o
 .text.get_partition_info_extended.constprop.1
                0x1781ab2c      0x2ec disk/built-in.o
 .text.test_part_dos
                0x1781ae18       0x60 disk/built-in.o
                0x1781ae18                test_part_dos
 .text.print_part_dos
                0x1781ae78       0x30 disk/built-in.o
                0x1781ae78                print_part_dos
 .text.get_partition_info_dos
                0x1781aea8       0x1c disk/built-in.o
                0x1781aea8                get_partition_info_dos
 .text.device_bind
                0x1781aec4      0x264 drivers/built-in.o
                0x1781aec4                device_bind
 .text.device_bind_by_name
                0x1781b128       0x58 drivers/built-in.o
                0x1781b128                device_bind_by_name
 .text.device_probe
                0x1781b180        0x8 drivers/built-in.o
                0x1781b180                device_probe
 .text.device_probe_child
                0x1781b188      0x1e0 drivers/built-in.o
                0x1781b188                device_probe_child
 .text.dev_get_platdata
                0x1781b368       0x30 drivers/built-in.o
                0x1781b368                dev_get_platdata
 .text.dev_get_priv
                0x1781b398       0x30 drivers/built-in.o
                0x1781b398                dev_get_priv
 .text.lists_driver_lookup_name
                0x1781b3c8       0x54 drivers/built-in.o
                0x1781b3c8                lists_driver_lookup_name
 .text.lists_uclass_lookup
                0x1781b41c       0x48 drivers/built-in.o
                0x1781b41c                lists_uclass_lookup
 .text.lists_bind_drivers
                0x1781b464       0x90 drivers/built-in.o
                0x1781b464                lists_bind_drivers
 .text.dm_root  0x1781b4f4       0x2c drivers/built-in.o
                0x1781b4f4                dm_root
 .text.dm_init  0x1781b520       0x58 drivers/built-in.o
                0x1781b520                dm_init
 .text.dm_scan_platdata
                0x1781b578       0x2c drivers/built-in.o
                0x1781b578                dm_scan_platdata
 .text.dm_scan_other
                0x1781b5a4        0x8 drivers/built-in.o
                0x1781b5a4                dm_scan_other
 .text.dm_init_and_scan
                0x1781b5ac       0x30 drivers/built-in.o
                0x1781b5ac                dm_init_and_scan
 .text.uclass_find
                0x1781b5dc       0x54 drivers/built-in.o
                0x1781b5dc                uclass_find
 .text.uclass_get
                0x1781b630      0x12c drivers/built-in.o
                0x1781b630                uclass_get
 .text.uclass_find_device
                0x1781b75c       0x5c drivers/built-in.o
                0x1781b75c                uclass_find_device
 .text.uclass_find_device_by_seq
                0x1781b7b8       0x70 drivers/built-in.o
                0x1781b7b8                uclass_find_device_by_seq
 .text.uclass_get_device
                0x1781b828       0x38 drivers/built-in.o
                0x1781b828                uclass_get_device
 .text.uclass_bind_device
                0x1781b860       0x9c drivers/built-in.o
                0x1781b860                uclass_bind_device
 .text.uclass_unbind_device
                0x1781b8fc       0x48 drivers/built-in.o
                0x1781b8fc                uclass_unbind_device
 .text.uclass_resolve_seq
                0x1781b944       0xac drivers/built-in.o
                0x1781b944                uclass_resolve_seq
 .text.uclass_pre_probe_child
                0x1781b9f0       0x38 drivers/built-in.o
                0x1781b9f0                uclass_pre_probe_child
 .text.uclass_post_probe_device
                0x1781ba28       0x28 drivers/built-in.o
                0x1781ba28                uclass_post_probe_device
 .text.uclass_pre_remove_device
                0x1781ba50       0x54 drivers/built-in.o
                0x1781ba50                uclass_pre_remove_device
 .text.dm_warn  0x1781baa4       0x24 drivers/built-in.o
                0x1781baa4                dm_warn
 .text.device_free
                0x1781bac8       0x90 drivers/built-in.o
                0x1781bac8                device_free
 .text.device_remove
                0x1781bb58      0x130 drivers/built-in.o
                0x1781bb58                device_remove
 .text.setup_direct_access
                0x1781bc88       0xdc drivers/built-in.o
 .text.finish_access
                0x1781bd64       0x34 drivers/built-in.o
 .text.prepare_access
                0x1781bd98       0x74 drivers/built-in.o
 .text.fuse_bank_physical
                0x1781be0c       0x74 drivers/built-in.o
                0x1781be0c                fuse_bank_physical
 .text.fuse_read
                0x1781be80       0x70 drivers/built-in.o
                0x1781be80                fuse_read
 .text.fuse_sense
                0x1781bef0       0x98 drivers/built-in.o
                0x1781bef0                fuse_sense
 .text.fuse_prog
                0x1781bf88       0x88 drivers/built-in.o
                0x1781bf88                fuse_prog
 .text.fuse_override
                0x1781c010       0x68 drivers/built-in.o
                0x1781c010                fuse_override
 .text.video_drawchars
                0x1781c078      0x488 drivers/built-in.o
 .text.draw_bitmap
                0x1781c500       0xe4 drivers/built-in.o
 .text.console_newline.constprop.2
                0x1781c5e4       0xe8 drivers/built-in.o
 .text.video_putc
                0x1781c6cc      0x198 drivers/built-in.o
 .text.video_puts
                0x1781c864       0x84 drivers/built-in.o
 .text.board_cfb_skip
                0x1781c8e8        0x8 drivers/built-in.o
                0x1781c8e8                board_cfb_skip
 .text.video_set_lut
                0x1781c8f0        0x8 drivers/built-in.o
                0x1781c8f4                video_set_lut
 .text.plot_logo_or_black
                0x1781c8f8      0x264 drivers/built-in.o
 .text.do_clrlogo
                0x1781cb5c       0x60 drivers/built-in.o
 .text.display_rle8_bitmap
                0x1781cbbc      0x35c drivers/built-in.o
 .text.video_display_bitmap
                0x1781cf18      0xa74 drivers/built-in.o
                0x1781cf18                video_display_bitmap
 .text.video_clear
                0x1781d98c       0x58 drivers/built-in.o
                0x1781d98c                video_clear
 .text.drv_video_init
                0x1781d9e4      0x440 drivers/built-in.o
                0x1781d9e4                drv_video_init
 .text.mxcfb_map_video_memory
                0x1781de24       0x88 drivers/built-in.o
 .text.ipuv3_fb_shutdown
                0x1781deac       0x60 drivers/built-in.o
                0x1781deac                ipuv3_fb_shutdown
 .text.video_hw_init
                0x1781df0c      0x5b8 drivers/built-in.o
                0x1781df0c                video_hw_init
 .text.ipuv3_fb_init
                0x1781e4c4       0x2c drivers/built-in.o
                0x1781e4c4                ipuv3_fb_init
 .text.clk_ipu_enable
                0x1781e4f0       0x20 drivers/built-in.o
 .text.clk_ipu_disable
                0x1781e510       0x1c drivers/built-in.o
 .text.clk_ldb_clk_enable
                0x1781e52c       0x20 drivers/built-in.o
 .text.clk_ldb_clk_disable
                0x1781e54c       0x1c drivers/built-in.o
 .text.ipu_pixel_clk_enable
                0x1781e568       0x28 drivers/built-in.o
 .text.ipu_pixel_clk_disable
                0x1781e590       0x24 drivers/built-in.o
 .text.ipu_pixel_clk_round_rate
                0x1781e5b4      0x13c drivers/built-in.o
 .text.ipu_pixel_clk_set_rate
                0x1781e6f0      0x108 drivers/built-in.o
 .text.ipu_pixel_clk_recalc
                0x1781e7f8       0x74 drivers/built-in.o
 .text.ipu_pixel_clk_set_parent
                0x1781e86c       0x8c drivers/built-in.o
 .text.clk_enable
                0x1781e8f8       0x2c drivers/built-in.o
                0x1781e8f8                clk_enable
 .text.clk_disable
                0x1781e924       0x38 drivers/built-in.o
                0x1781e924                clk_disable
 .text.clk_get_usecount
                0x1781e95c        0xc drivers/built-in.o
                0x1781e95c                clk_get_usecount
 .text.clk_get_rate
                0x1781e968        0xc drivers/built-in.o
                0x1781e968                clk_get_rate
 .text.clk_get_parent
                0x1781e974        0xc drivers/built-in.o
                0x1781e974                clk_get_parent
 .text.clk_set_rate
                0x1781e980       0x24 drivers/built-in.o
                0x1781e980                clk_set_rate
 .text.clk_round_rate
                0x1781e9a4       0x2c drivers/built-in.o
                0x1781e9a4                clk_round_rate
 .text.clk_set_parent
                0x1781e9d0       0x24 drivers/built-in.o
                0x1781e9d0                clk_set_parent
 .text.ipu_probe
                0x1781e9f4      0x164 drivers/built-in.o
                0x1781e9f4                ipu_probe
 .text.ipu_dump_registers
                0x1781eb58        0x4 drivers/built-in.o
                0x1781eb58                ipu_dump_registers
 .text.ipu_init_channel
                0x1781eb5c      0x204 drivers/built-in.o
                0x1781eb5c                ipu_init_channel
 .text.ipu_uninit_channel
                0x1781ed60      0x238 drivers/built-in.o
                0x1781ed60                ipu_uninit_channel
 .text.ipu_enable_channel
                0x1781ef98       0xd8 drivers/built-in.o
                0x1781ef98                ipu_enable_channel
 .text.ipu_clear_buffer_ready
                0x1781f070       0x80 drivers/built-in.o
                0x1781f070                ipu_clear_buffer_ready
 .text.ipu_disable_channel
                0x1781f0f0      0x188 drivers/built-in.o
                0x1781f0f0                ipu_disable_channel
 .text.bytes_per_pixel
                0x1781f278       0xe0 drivers/built-in.o
                0x1781f278                bytes_per_pixel
 .text.ipu_init_channel_buffer
                0x1781f358      0x5e4 drivers/built-in.o
                0x1781f358                ipu_init_channel_buffer
 .text.format_to_colorspace
                0x1781f93c       0xbc drivers/built-in.o
                0x1781f93c                format_to_colorspace
 .text.ipu_dc_map_config
                0x1781f9f8       0x70 drivers/built-in.o
 .text.ipu_dc_map_clear
                0x1781fa68       0x2c drivers/built-in.o
 .text.rgb_to_yuv
                0x1781fa94       0x70 drivers/built-in.o
 .text.ipu_dc_link_event
                0x1781fb04      0x15c drivers/built-in.o
 .text.ipu_dp_csc_setup.isra.0
                0x1781fc60      0x118 drivers/built-in.o
 .text.ipu_di_sync_config.constprop.3
                0x1781fd78       0xf4 drivers/built-in.o
 .text.ipu_dc_write_tmpl.constprop.4
                0x1781fe6c       0x38 drivers/built-in.o
 .text.ipu_dmfc_init
                0x1781fea4      0x170 drivers/built-in.o
                0x1781fea4                ipu_dmfc_init
 .text.ipu_dmfc_set_wait4eot
                0x17820014      0x130 drivers/built-in.o
                0x17820014                ipu_dmfc_set_wait4eot
 .text.ipu_dp_init
                0x17820144      0x1ec drivers/built-in.o
                0x17820144                ipu_dp_init
 .text.ipu_dp_uninit
                0x17820330       0x84 drivers/built-in.o
                0x17820330                ipu_dp_uninit
 .text.ipu_dc_init
                0x178203b4      0x2c8 drivers/built-in.o
                0x178203b4                ipu_dc_init
 .text.ipu_dc_uninit
                0x1782067c      0x1c4 drivers/built-in.o
                0x1782067c                ipu_dc_uninit
 .text.ipu_dp_dc_enable
                0x17820840      0x234 drivers/built-in.o
                0x17820840                ipu_dp_dc_enable
 .text.ipu_dp_dc_disable
                0x17820a74      0x39c drivers/built-in.o
                0x17820a74                ipu_dp_dc_disable
 .text.ipu_init_dc_mappings
                0x17820e10      0x15c drivers/built-in.o
                0x17820e10                ipu_init_dc_mappings
 .text.ipu_init_sync_panel
                0x17820f6c      0x7d0 drivers/built-in.o
                0x17820f6c                ipu_init_sync_panel
 .text.ipu_disp_set_global_alpha
                0x1782173c      0x12c drivers/built-in.o
                0x1782173c                ipu_disp_set_global_alpha
 .text.ipu_disp_set_color_key
                0x17821868      0x1bc drivers/built-in.o
                0x17821868                ipu_disp_set_color_key
 .text.reset_cpu
                0x17821a24       0x28 drivers/built-in.o
                0x17821a24                reset_cpu
 .text.thermal_get_temp
                0x17821a4c       0x28 drivers/built-in.o
                0x17821a4c                thermal_get_temp
 .text.imx_thermal_probe
                0x17821a74       0x78 drivers/built-in.o
 .text.read_cpu_temperature
                0x17821aec      0x150 drivers/built-in.o
 .text.imx_thermal_get_temp
                0x17821c3c       0x48 drivers/built-in.o
                0x17821c3c                imx_thermal_get_temp
 .text.mxc_gpio_direction
                0x17821c84       0x4c drivers/gpio/built-in.o
 .text.gpio_set_value
                0x17821cd0       0x44 drivers/gpio/built-in.o
                0x17821cd0                gpio_set_value
 .text.gpio_get_value
                0x17821d14       0x34 drivers/gpio/built-in.o
                0x17821d14                gpio_get_value
 .text.gpio_request
                0x17821d48       0x10 drivers/gpio/built-in.o
                0x17821d48                gpio_request
 .text.gpio_free
                0x17821d58        0x8 drivers/gpio/built-in.o
                0x17821d58                gpio_free
 .text.gpio_direction_input
                0x17821d60        0x8 drivers/gpio/built-in.o
                0x17821d60                gpio_direction_input
 .text.gpio_direction_output
                0x17821d68       0x24 drivers/gpio/built-in.o
                0x17821d68                gpio_direction_output
 .text.i2c_get_adapter
                0x17821d8c       0x5c drivers/i2c/built-in.o
                0x17821d8c                i2c_get_adapter
 .text.i2c_init_bus
                0x17821de8       0x90 drivers/i2c/built-in.o
 .text.i2c_get_bus_num
                0x17821e78        0x8 drivers/i2c/built-in.o
                0x17821e78                i2c_get_bus_num
 .text.i2c_set_bus_num
                0x17821e80       0xc0 drivers/i2c/built-in.o
                0x17821e80                i2c_set_bus_num
 .text.i2c_init_all
                0x17821f40       0x14 drivers/i2c/built-in.o
                0x17821f40                i2c_init_all
 .text.i2c_probe
                0x17821f54       0x28 drivers/i2c/built-in.o
                0x17821f54                i2c_probe
 .text.i2c_read
                0x17821f7c       0x48 drivers/i2c/built-in.o
                0x17821f7c                i2c_read
 .text.i2c_write
                0x17821fc4       0x48 drivers/i2c/built-in.o
                0x17821fc4                i2c_write
 .text.i2c_set_bus_speed
                0x1782200c       0x64 drivers/i2c/built-in.o
                0x1782200c                i2c_set_bus_speed
 .text.i2c_get_bus_speed
                0x17822070       0x14 drivers/i2c/built-in.o
                0x17822070                i2c_get_bus_speed
 .text.i2c_init
                0x17822084       0x14 drivers/i2c/built-in.o
                0x17822084                i2c_init
 .text.bus_i2c_set_bus_speed
                0x17822098       0x88 drivers/i2c/built-in.o
 .text.mxc_i2c_set_bus_speed
                0x17822120       0x14 drivers/i2c/built-in.o
 .text.wait_for_sr_state
                0x17822134       0xa0 drivers/i2c/built-in.o
 .text.tx_byte  0x178221d4       0x2c drivers/i2c/built-in.o
 .text.i2c_imx_stop
                0x17822200       0x38 drivers/i2c/built-in.o
 .text.i2c_init_transfer
                0x17822238      0x1e4 drivers/i2c/built-in.o
 .text.__i2c_force_reset_slave
                0x1782241c        0x4 drivers/i2c/built-in.o
                0x1782241c                __i2c_force_reset_slave
                0x1782241c                i2c_force_reset_slave
 .text.bus_i2c_read
                0x17822420       0xec drivers/i2c/built-in.o
                0x17822420                bus_i2c_read
 .text.mxc_i2c_read
                0x1782250c       0x14 drivers/i2c/built-in.o
 .text.bus_i2c_write
                0x17822520       0x54 drivers/i2c/built-in.o
                0x17822520                bus_i2c_write
 .text.mxc_i2c_write
                0x17822574       0x14 drivers/i2c/built-in.o
 .text.mxc_i2c_probe
                0x17822588       0x2c drivers/i2c/built-in.o
 .text.bus_i2c_init
                0x178225b4       0x54 drivers/i2c/built-in.o
                0x178225b4                bus_i2c_init
 .text.mxc_i2c_init
                0x17822608       0x24 drivers/i2c/built-in.o
 .text.esdhc_getcd
                0x1782262c       0x40 drivers/mmc/built-in.o
 .text.esdhc_set_ios
                0x1782266c      0x124 drivers/mmc/built-in.o
 .text.esdhc_init
                0x17822790       0xa4 drivers/mmc/built-in.o
 .text.esdhc_send_cmd
                0x17822834      0x418 drivers/mmc/built-in.o
 .text.fsl_esdhc_initialize
                0x17822c4c      0x16c drivers/mmc/built-in.o
                0x17822c4c                fsl_esdhc_initialize
 .text.fsl_esdhc_mmc_init
                0x17822db8       0x34 drivers/mmc/built-in.o
                0x17822db8                fsl_esdhc_mmc_init
 .text.mmc_set_ios
                0x17822dec       0x20 drivers/mmc/built-in.o
 .text.mmc_set_capacity
                0x17822e0c       0xa4 drivers/mmc/built-in.o
 .text.board_mmc_getwp
                0x17822eb0        0x8 drivers/mmc/built-in.o
                0x17822eb0                board_mmc_getwp
 .text.mmc_getwp
                0x17822eb8       0x3c drivers/mmc/built-in.o
                0x17822eb8                mmc_getwp
 .text.mmc_send_cmd
                0x17822ef4       0x18 drivers/mmc/built-in.o
                0x17822ef4                mmc_send_cmd
 .text.mmc_send_op_cond_iter
                0x17822f0c       0x80 drivers/mmc/built-in.o
 .text.mmc_send_ext_csd
                0x17822f8c       0x4c drivers/mmc/built-in.o
 .text.mmc_go_idle
                0x17822fd8       0x4c drivers/mmc/built-in.o
 .text.sd_switch.constprop.6
                0x17823024       0x58 drivers/mmc/built-in.o
 .text.mmc_send_status
                0x1782307c       0xd0 drivers/mmc/built-in.o
                0x1782307c                mmc_send_status
 .text.mmc_switch.isra.1
                0x1782314c       0x54 drivers/mmc/built-in.o
 .text.mmc_set_blocklen
                0x178231a0       0x3c drivers/mmc/built-in.o
                0x178231a0                mmc_set_blocklen
 .text.find_mmc_device
                0x178231dc       0x44 drivers/mmc/built-in.o
                0x178231dc                find_mmc_device
 .text.mmc_bread
                0x17823220      0x148 drivers/mmc/built-in.o
 .text.mmc_switch_part
                0x17823368       0x58 drivers/mmc/built-in.o
                0x17823368                mmc_switch_part
 .text.mmc_select_hwpart
                0x178233c0       0x68 drivers/mmc/built-in.o
                0x178233c0                mmc_select_hwpart
 .text.mmc_hwpart_config
                0x17823428      0x448 drivers/mmc/built-in.o
                0x17823428                mmc_hwpart_config
 .text.mmc_getcd
                0x17823870       0x3c drivers/mmc/built-in.o
                0x17823870                mmc_getcd
 .text.mmc_set_clock
                0x178238ac       0x24 drivers/mmc/built-in.o
                0x178238ac                mmc_set_clock
 .text.mmc_startup
                0x178238d0      0xcd8 drivers/mmc/built-in.o
 .text.mmc_create
                0x178245a8       0xf8 drivers/mmc/built-in.o
                0x178245a8                mmc_create
 .text.board_mmc_power_init
                0x178246a0        0x4 drivers/mmc/built-in.o
                0x178246a0                board_mmc_power_init
 .text.mmc_start_init
                0x178246a4      0x284 drivers/mmc/built-in.o
                0x178246a4                mmc_start_init
 .text.mmc_init
                0x17824928       0xf0 drivers/mmc/built-in.o
                0x17824928                mmc_init
 .text.mmc_get_dev
                0x17824a18       0x28 drivers/mmc/built-in.o
                0x17824a18                mmc_get_dev
 .text.mmc_set_dsr
                0x17824a40        0xc drivers/mmc/built-in.o
                0x17824a40                mmc_set_dsr
 .text.print_mmc_devices
                0x17824a4c       0xc0 drivers/mmc/built-in.o
                0x17824a4c                print_mmc_devices
 .text.get_mmc_num
                0x17824b0c       0x10 drivers/mmc/built-in.o
                0x17824b0c                get_mmc_num
 .text.mmc_initialize
                0x17824b1c       0x78 drivers/mmc/built-in.o
                0x17824b1c                mmc_initialize
 .text.mmc_boot_partition_size_change
                0x17824b94       0xc4 drivers/mmc/built-in.o
                0x17824b94                mmc_boot_partition_size_change
 .text.mmc_set_boot_bus_width
                0x17824c58       0x14 drivers/mmc/built-in.o
                0x17824c58                mmc_set_boot_bus_width
 .text.mmc_set_part_conf
                0x17824c6c       0x14 drivers/mmc/built-in.o
                0x17824c6c                mmc_set_part_conf
 .text.mmc_set_rst_n_function
                0x17824c80        0xc drivers/mmc/built-in.o
                0x17824c80                mmc_set_rst_n_function
 .text.mmc_berase
                0x17824c8c      0x180 drivers/mmc/built-in.o
                0x17824c8c                mmc_berase
 .text.mmc_bwrite
                0x17824e0c      0x16c drivers/mmc/built-in.o
                0x17824e0c                mmc_bwrite
 .text.spi_flash_probe_slave
                0x17824f78      0x37c drivers/mtd/spi/built-in.o
                0x17824f78                spi_flash_probe_slave
 .text.spi_flash_probe_tail
                0x178252f4       0x4c drivers/mtd/spi/built-in.o
                0x178252f4                spi_flash_probe_tail
 .text.spi_flash_probe
                0x17825340       0x18 drivers/mtd/spi/built-in.o
                0x17825340                spi_flash_probe
 .text.spi_flash_free
                0x17825358       0x1c drivers/mtd/spi/built-in.o
                0x17825358                spi_flash_free
 .text.spi_flash_read_write
                0x17825374       0x74 drivers/mtd/spi/built-in.o
 .text.spi_flash_cmd_read
                0x178253e8       0x1c drivers/mtd/spi/built-in.o
                0x178253e8                spi_flash_cmd_read
 .text.spi_flash_cmd
                0x17825404       0x2c drivers/mtd/spi/built-in.o
                0x17825404                spi_flash_cmd
 .text.spi_flash_cmd_write
                0x17825430       0x1c drivers/mtd/spi/built-in.o
                0x17825430                spi_flash_cmd_write
 .text.spi_flash_cmd_wait_ready
                0x1782544c       0xdc drivers/mtd/spi/built-in.o
                0x1782544c                spi_flash_cmd_wait_ready
 .text.spi_flash_write_common
                0x17825528       0x98 drivers/mtd/spi/built-in.o
                0x17825528                spi_flash_write_common