mx6sabresd.c:729:13:enable_lvds	0	static
mx6sabresd.c:226:13:enable_rgb	8	static
mx6sabresd.c:723:13:do_enable_hdmi	0	static
mx6sabresd.c:91:5:dram_init	8	static
mx6sabresd.c:187:5:board_spi_cs_gpio	0	static
mx6sabresd.c:321:5:mmc_get_env_devno	0	static
mx6sabresd.c:345:5:mmc_map_to_kernel_blk	0	static
mx6sabresd.c:353:5:board_mmc_getcd	8	static
mx6sabresd.c:373:5:board_mmc_init	24	static
mx6sabresd.c:459:5:check_mmc_autodetect	8	static
mx6sabresd.c:471:6:board_late_mmc_env_init	72	static
mx6sabresd.c:677:5:mx6_rgmii_rework	16	static
mx6sabresd.c:700:5:board_phy_config	8	static
mx6sabresd.c:862:5:overwrite_console	0	static
mx6sabresd.c:867:5:board_eth_init	8	static
mx6sabresd.c:903:5:board_ehci_hcd_init	0	static
mx6sabresd.c:918:5:board_ehci_power	8	static
mx6sabresd.c:938:5:board_early_init_f	8	static
mx6sabresd.c:948:5:board_init	8	static
mx6sabresd.c:974:5:power_init_board	16	static
mx6sabresd.c:1056:6:ldo_mode_set	24	static
mx6sabresd.c:1177:5:board_late_init	8	static
mx6sabresd.c:1189:5:checkboard	8	static
