Archive member included because of file (symbol)

/home/luhao/bin/fsl-release-imx6q31452bsp/build-x11/tmp/sysroots/imx6qsabresd/usr/lib/arm-poky-linux-gnueabi/4.9.2/libgcc.a(_udivsi3.o)
                              arch/arm/cpu/armv7/built-in.o (__aeabi_uidiv)
/home/luhao/bin/fsl-release-imx6q31452bsp/build-x11/tmp/sysroots/imx6qsabresd/usr/lib/arm-poky-linux-gnueabi/4.9.2/libgcc.a(_divsi3.o)
                              common/built-in.o (__aeabi_idiv)
/home/luhao/bin/fsl-release-imx6q31452bsp/build-x11/tmp/sysroots/imx6qsabresd/usr/lib/arm-poky-linux-gnueabi/4.9.2/libgcc.a(_lshrdi3.o)
                              fs/built-in.o (__aeabi_llsr)
/home/luhao/bin/fsl-release-imx6q31452bsp/build-x11/tmp/sysroots/imx6qsabresd/usr/lib/arm-poky-linux-gnueabi/4.9.2/libgcc.a(_ashldi3.o)
                              drivers/mmc/built-in.o (__aeabi_llsl)
/home/luhao/bin/fsl-release-imx6q31452bsp/build-x11/tmp/sysroots/imx6qsabresd/usr/lib/arm-poky-linux-gnueabi/4.9.2/libgcc.a(_dvmd_lnx.o)
                              /home/luhao/bin/fsl-release-imx6q31452bsp/build-x11/tmp/sysroots/imx6qsabresd/usr/lib/arm-poky-linux-gnueabi/4.9.2/libgcc.a(_udivsi3.o) (__aeabi_idiv0)

Discarded input sections

 .data          0x0000000000000000        0x0 arch/arm/cpu/armv7/start.o
 .bss           0x0000000000000000        0x0 arch/arm/cpu/armv7/start.o
 .text.v7_outer_cache_flush_all
                0x0000000000000000        0x4 arch/arm/cpu/armv7/built-in.o
 .text.v7_outer_cache_inval_all
                0x0000000000000000        0x4 arch/arm/cpu/armv7/built-in.o
 .text.v7_outer_cache_flush_range
                0x0000000000000000        0x4 arch/arm/cpu/armv7/built-in.o
 .text.v7_outer_cache_inval_range
                0x0000000000000000        0x4 arch/arm/cpu/armv7/built-in.o
 .text.v7_arch_cp15_set_l2aux_ctrl
                0x0000000000000000        0x8 arch/arm/cpu/armv7/built-in.o
 .text.v7_arch_cp15_set_acr
                0x0000000000000000        0x8 arch/arm/cpu/armv7/built-in.o
 .text.sdelay   0x0000000000000000        0xc arch/arm/cpu/armv7/built-in.o
 .text.wait_on_value
                0x0000000000000000       0x34 arch/arm/cpu/armv7/built-in.o
 .text.get_boot_device
                0x0000000000000000       0x9c arch/arm/cpu/armv7/built-in.o
 .text.set_arm_freq_400M
                0x0000000000000000       0x2c arch/arm/cpu/armv7/built-in.o
 .text.enable_enet_pll
                0x0000000000000000       0x68 arch/arm/cpu/armv7/built-in.o
 .text.enable_enet_clk
                0x0000000000000000       0x24 arch/arm/cpu/armv7/built-in.o
 .text.enable_uart_clk
                0x0000000000000000       0x24 arch/arm/cpu/armv7/built-in.o
 .text.enable_usdhc_clk
                0x0000000000000000       0x4c arch/arm/cpu/armv7/built-in.o
 .text.enable_spi_clk
                0x0000000000000000       0x44 arch/arm/cpu/armv7/built-in.o
 .text.enable_fec_anatop_clock
                0x0000000000000000       0x98 arch/arm/cpu/armv7/built-in.o
 .text.enable_sata_clock
                0x0000000000000000       0x1c arch/arm/cpu/armv7/built-in.o
 .text.disable_sata_clock
                0x0000000000000000       0x18 arch/arm/cpu/armv7/built-in.o
 .text.enable_pcie_clock
                0x0000000000000000       0x70 arch/arm/cpu/armv7/built-in.o
 .data          0x0000000000000000        0x0 arch/arm/cpu/armv7/built-in.o
 .bss           0x0000000000000000        0x0 arch/arm/cpu/armv7/built-in.o
 .text          0x0000000000000000        0x0 arch/arm/imx-common/built-in.o
 .text.get_imx_reset_cause
                0x0000000000000000       0x10 arch/arm/imx-common/built-in.o
 .text.set_chipselect_size
                0x0000000000000000       0x84 arch/arm/imx-common/built-in.o
 .text.mxs_wait_mask_set
                0x0000000000000000       0x40 arch/arm/imx-common/built-in.o
 .text.mxs_wait_mask_clr
                0x0000000000000000       0x3c arch/arm/imx-common/built-in.o
 .text.mxs_reset_block
                0x0000000000000000       0x90 arch/arm/imx-common/built-in.o
 .text.detect_hdmi
                0x0000000000000000       0x18 arch/arm/imx-common/built-in.o
 .text.usec2ticks
                0x0000000000000000       0x68 arch/arm/imx-common/built-in.o
 .data          0x0000000000000000        0x0 arch/arm/imx-common/built-in.o
 .bss           0x0000000000000000        0x0 arch/arm/imx-common/built-in.o
 .text.reset_misc
                0x0000000000000000        0x4 arch/arm/lib/built-in.o
 .text.flush_cache
                0x0000000000000000        0x4 arch/arm/lib/built-in.o
 .text.flush_dcache_all
                0x0000000000000000        0xc arch/arm/lib/built-in.o
 .text.enable_caches
                0x0000000000000000        0xc arch/arm/lib/built-in.o
 .text.arm_init_before_mmu
                0x0000000000000000        0x4 arch/arm/lib/built-in.o
 .text.mmu_page_table_flush
                0x0000000000000000        0x4 arch/arm/lib/built-in.o
 .rodata.pl310  0x0000000000000000        0x4 arch/arm/lib/built-in.o
[...]
Memory Configuration

Name             Origin             Length             Attributes
*default*        0x0000000000000000 0xffffffffffffffff

Linker script and memory map

Address of section .text set to 0x17800000
                0x0000000000000000                . = 0x0
                0x0000000000000000                . = ALIGN (0x4)

.text           0x0000000017800000    0x3d3d8
 *(.__image_copy_start)
 .__image_copy_start
                0x0000000017800000        0x0 arch/arm/lib/built-in.o
                0x0000000017800000                __image_copy_start
 *(.vectors)
 .vectors       0x0000000017800000      0x300 arch/arm/lib/built-in.o
                0x0000000017800000                _start
                0x0000000017800020                _undefined_instruction
                0x0000000017800024                _software_interrupt
                0x0000000017800028                _prefetch_abort
                0x000000001780002c                _data_abort
                0x0000000017800030                _not_used
                0x0000000017800034                _irq
                0x0000000017800038                _fiq
                0x0000000017800040                IRQ_STACK_START_IN
 arch/arm/cpu/armv7/start.o(.text*)
 .text          0x0000000017800300       0xec arch/arm/cpu/armv7/start.o
                0x0000000017800300                reset
                0x0000000017800304                save_boot_params_ret
                0x0000000017800340                c_runtime_cpu_setup
                0x0000000017800350                save_boot_params
                0x0000000017800354                cpu_init_cp15
                0x00000000178003e4                cpu_init_crit
 *(.text*)
 .text          0x00000000178003ec       0x1c arch/arm/cpu/armv7/built-in.o
                0x00000000178003ec                lowlevel_init
 .text.v7_maint_dcache_all
                0x0000000017800408       0xd0 arch/arm/cpu/armv7/built-in.o
 .text.invalidate_icache_all
                0x00000000178004d8       0x18 arch/arm/cpu/armv7/built-in.o
                0x00000000178004d8                invalidate_icache_all
 .text.v7_outer_cache_enable
                0x00000000178004f0       0x6c arch/arm/cpu/armv7/built-in.o
                0x00000000178004f4                v7_outer_cache_enable
 .text.v7_outer_cache_disable
                0x000000001780055c       0x1c arch/arm/cpu/armv7/built-in.o
                0x0000000017800560                v7_outer_cache_disable
 .text.flush_dcache_all
                0x0000000017800578       0x14 arch/arm/cpu/armv7/built-in.o
                0x0000000017800578                flush_dcache_all
 .text.invalidate_dcache_all
                0x000000001780058c       0x14 arch/arm/cpu/armv7/built-in.o
                0x000000001780058c                invalidate_dcache_all
 .text.arm_init_before_mmu
                0x00000000178005a0       0x28 arch/arm/cpu/armv7/built-in.o
                0x00000000178005a0                arm_init_before_mmu
 .text.flush_dcache_range
                0x00000000178005c8       0x3c arch/arm/cpu/armv7/built-in.o
                0x00000000178005c8                flush_dcache_range
 .text.mmu_page_table_flush
                0x0000000017800604       0x24 arch/arm/cpu/armv7/built-in.o
                0x0000000017800604                mmu_page_table_flush
 .text.flush_cache
                0x0000000017800628        0x8 arch/arm/cpu/armv7/built-in.o
                0x0000000017800628                flush_cache
 .text.invalidate_dcache_range
                0x0000000017800630       0xac arch/arm/cpu/armv7/built-in.o
                0x0000000017800630                invalidate_dcache_range
 .text.cpu_cache_initialization
                0x00000000178006dc        0x4 arch/arm/cpu/armv7/built-in.o
                0x00000000178006dc                cpu_cache_initialization
 .text.cleanup_before_linux
                0x00000000178006e0       0x28 arch/arm/cpu/armv7/built-in.o
                0x00000000178006e0                cleanup_before_linux
 .text.get_nr_cpus
                0x0000000017800708       0x10 arch/arm/cpu/armv7/built-in.o
                0x0000000017800708                get_nr_cpus
 .text.get_cpu_rev
                0x0000000017800718       0x68 arch/arm/cpu/armv7/built-in.o
                0x0000000017800718                get_cpu_rev
 .text.get_board_rev
                0x0000000017800780       0x30 arch/arm/cpu/armv7/built-in.o
                0x0000000017800780                get_board_rev
 .text.init_aips
                0x00000000178007b0       0x58 arch/arm/cpu/armv7/built-in.o
                0x00000000178007b0                init_aips
 .text.arch_cpu_init
                0x0000000017800808      0x1a4 arch/arm/cpu/armv7/built-in.o
                0x0000000017800808                arch_cpu_init
 .text.board_postclk_init
                0x00000000178009ac       0x50 arch/arm/cpu/armv7/built-in.o
                0x00000000178009ac                board_postclk_init
 .text.enable_caches
                0x00000000178009fc       0x34 arch/arm/cpu/armv7/built-in.o
                0x00000000178009fc                enable_caches
 .text.imx_get_mac_from_fuse
                0x0000000017800a30       0x3c arch/arm/cpu/armv7/built-in.o
                0x0000000017800a30                imx_get_mac_from_fuse
 .text.boot_mode_apply
                0x0000000017800a6c       0x24 arch/arm/cpu/armv7/built-in.o
                0x0000000017800a6c                boot_mode_apply
 .text.s_init   0x0000000017800a90       0x88 arch/arm/cpu/armv7/built-in.o
                0x0000000017800a90                s_init
 .text.set_wdog_reset
                0x0000000017800b18       0x18 arch/arm/cpu/armv7/built-in.o
                0x0000000017800b18                set_wdog_reset
 .text.reset_misc
                0x0000000017800b30        0x4 arch/arm/cpu/armv7/built-in.o
                0x0000000017800b30                reset_misc
 .text.check_ldo_bypass
                0x0000000017800b34       0x78 arch/arm/cpu/armv7/built-in.o
                0x0000000017800b34                check_ldo_bypass
 .text.check_1_2G
                0x0000000017800bac       0x5c arch/arm/cpu/armv7/built-in.o
                0x0000000017800bac                check_1_2G
 .text.prep_anatop_bypass
                0x0000000017800c08       0x6c arch/arm/cpu/armv7/built-in.o
                0x0000000017800c08                prep_anatop_bypass
 .text.set_anatop_bypass
                0x0000000017800c74       0x50 arch/arm/cpu/armv7/built-in.o
                0x0000000017800c74                set_anatop_bypass
 .text.finish_anatop_bypass
                0x0000000017800cc4       0x24 arch/arm/cpu/armv7/built-in.o
                0x0000000017800cc4                finish_anatop_bypass
 .text.imx_enable_hdmi_phy
                0x0000000017800ce8       0x4c arch/arm/cpu/armv7/built-in.o
                0x0000000017800ce8                imx_enable_hdmi_phy
 .text.imx_setup_hdmi
                0x0000000017800d34       0x78 arch/arm/cpu/armv7/built-in.o
                0x0000000017800d34                imx_setup_hdmi
 .text.get_ipg_clk
                0x0000000017800dac       0x28 arch/arm/cpu/armv7/built-in.o
 .text.get_uart_clk
                0x0000000017800dd4       0x54 arch/arm/cpu/armv7/built-in.o
 .text.mxc_get_pll_pfd
                0x0000000017800e28       0xa0 arch/arm/cpu/armv7/built-in.o
 .text.get_usdhc_clk
                0x0000000017800ec8       0x90 arch/arm/cpu/armv7/built-in.o
 .text.enable_ocotp_clk
                0x0000000017800f58       0x24 arch/arm/cpu/armv7/built-in.o
                0x0000000017800f58                enable_ocotp_clk
 .text.enable_usboh3_clk
                0x0000000017800f7c       0x24 arch/arm/cpu/armv7/built-in.o
                0x0000000017800f7c                enable_usboh3_clk
 .text.enable_i2c_clk
                0x0000000017800fa0       0x48 arch/arm/cpu/armv7/built-in.o
                0x0000000017800fa0                enable_i2c_clk
 .text.get_periph_clk
                0x0000000017800fe8       0xdc arch/arm/cpu/armv7/built-in.o
                0x0000000017800fe8                get_periph_clk
 .text.get_axi_clk
                0x00000000178010c4       0x4c arch/arm/cpu/armv7/built-in.o
 .text.imx_get_uartclk
                0x0000000017801110        0x4 arch/arm/cpu/armv7/built-in.o
                0x0000000017801110                imx_get_uartclk
 .text.enable_thermal_clk
                0x0000000017801114       0x48 arch/arm/cpu/armv7/built-in.o
                0x0000000017801114                enable_thermal_clk
 .text.mxc_get_clock
                0x000000001780115c      0x1cc arch/arm/cpu/armv7/built-in.o
                0x000000001780115c                mxc_get_clock
 .text.imx_get_fecclk
                0x0000000017801328        0x8 arch/arm/cpu/armv7/built-in.o
                0x0000000017801328                imx_get_fecclk
 .text.do_mx6_showclocks
                0x0000000017801330      0x24c arch/arm/cpu/armv7/built-in.o
                0x0000000017801330                do_mx6_showclocks
 .text.enable_ipu_clock
                0x000000001780157c       0x18 arch/arm/cpu/armv7/built-in.o
                0x000000001780157c                enable_ipu_clock
 .text.cpu_reset
                0x0000000017801594       0x28 arch/arm/cpu/armv7/built-in.o
                0x0000000017801594                cpu_reset
 .text.cpu_status
                0x00000000178015bc       0x40 arch/arm/cpu/armv7/built-in.o
                0x00000000178015bc                cpu_status
 .text.cpu_release
                0x00000000178015fc       0x80 arch/arm/cpu/armv7/built-in.o
                0x00000000178015fc                cpu_release
 .text.is_core_valid
                0x000000001780167c       0x1c arch/arm/cpu/armv7/built-in.o
                0x000000001780167c                is_core_valid
 .text.cpu_disable
                0x0000000017801698       0x28 arch/arm/cpu/armv7/built-in.o
                0x0000000017801698                cpu_disable
 .text.imx_iomux_v3_setup_pad
                0x00000000178016c0       0xb0 arch/arm/imx-common/built-in.o
                0x00000000178016c0                imx_iomux_v3_setup_pad
 .text.imx_iomux_v3_setup_multiple_pads
                0x0000000017801770       0x2c arch/arm/imx-common/built-in.o
                0x0000000017801770                imx_iomux_v3_setup_multiple_pads
 .text.imx_iomux_set_gpr_register
                0x000000001780179c       0x3c arch/arm/imx-common/built-in.o
                0x000000001780179c                imx_iomux_set_gpr_register
 .text.imx_ddr_size
                0x00000000178017d8       0x64 arch/arm/imx-common/built-in.o
                0x00000000178017d8                imx_ddr_size
 .text.get_imx_type
                0x000000001780183c       0x20 arch/arm/imx-common/built-in.o
                0x000000001780183c                get_imx_type
 .text.print_cpuinfo
                0x000000001780185c      0x1d8 arch/arm/imx-common/built-in.o
                0x000000001780185c                print_cpuinfo
 .text.cpu_eth_init
                0x0000000017801a34        0x4 arch/arm/imx-common/built-in.o
                0x0000000017801a34                cpu_eth_init
 .text.cpu_mmc_init
                0x0000000017801a38        0x4 arch/arm/imx-common/built-in.o
                0x0000000017801a38                cpu_mmc_init
 .text.get_ahb_clk
                0x0000000017801a3c       0x24 arch/arm/imx-common/built-in.o
                0x0000000017801a3c                get_ahb_clk
 .text.arch_preboot_os
                0x0000000017801a60       0x14 arch/arm/imx-common/built-in.o
                0x0000000017801a60                arch_preboot_os
 .text.get_clocks
                0x0000000017801a74       0x1c arch/arm/imx-common/built-in.o
                0x0000000017801a74                get_clocks
 .text.force_idle_bus
                0x0000000017801a90      0x1c4 arch/arm/imx-common/built-in.o
 .text.setup_i2c
                0x0000000017801c54       0xe4 arch/arm/imx-common/built-in.o
                0x0000000017801c54                setup_i2c
 .text.board_video_skip
                0x0000000017801d38      0x170 arch/arm/imx-common/built-in.o
                0x0000000017801d38                board_video_skip
 .text.timer_init
                0x0000000017801ea8      0x13c arch/arm/imx-common/built-in.o
                0x0000000017801ea8                timer_init
 .text.get_ticks
                0x0000000017801fe4       0x44 arch/arm/imx-common/built-in.o
                0x0000000017801fe4                get_ticks
 .text.get_timer_masked
                0x0000000017802028       0xf0 arch/arm/imx-common/built-in.o
                0x0000000017802028                get_timer_masked
 .text.get_timer
                0x0000000017802118       0x14 arch/arm/imx-common/built-in.o
                0x0000000017802118                get_timer
 .text.__udelay
                0x000000001780212c      0x128 arch/arm/imx-common/built-in.o
                0x000000001780212c                __udelay
 .text.get_tbclk
                0x0000000017802254       0x94 arch/arm/imx-common/built-in.o
                0x0000000017802254                get_tbclk
 .text.create_usage
                0x00000000178022e8       0xa0 arch/arm/imx-common/built-in.o
 .text.do_boot_mode
                0x0000000017802388       0xcc arch/arm/imx-common/built-in.o
 .text.add_board_boot_modes
                0x0000000017802454       0x60 arch/arm/imx-common/built-in.o
                0x0000000017802454                add_board_boot_modes
 .text          0x00000000178024b4       0xa8 arch/arm/lib/built-in.o
                0x00000000178024b4                _main
 .text.relocate_vectors
                0x000000001780255c       0x70 arch/arm/lib/built-in.o
                0x000000001780255c                relocate_vectors
                0x0000000017802568                relocate_code
 .text.arch_fixup_fdt
                0x00000000178025cc       0x38 arch/arm/lib/built-in.o
                0x00000000178025cc                arch_fixup_fdt
 .text.boot_jump_linux
                0x0000000017802604       0xb8 arch/arm/lib/built-in.o
 .text.arch_lmb_reserve
                0x00000000178026bc       0x24 arch/arm/lib/built-in.o
                0x00000000178026bc                arch_lmb_reserve
 .text.setup_board_tags
                0x00000000178026e0        0x4 arch/arm/lib/built-in.o
                0x00000000178026e0                setup_board_tags
 .text.boot_prep_linux
                0x00000000178026e4      0x194 arch/arm/lib/built-in.o
 .text.do_bootm_linux
                0x0000000017802878       0x5c arch/arm/lib/built-in.o
                0x0000000017802878                do_bootm_linux
 .text.bootz_setup
                0x00000000178028d4       0x60 arch/arm/lib/built-in.o
                0x00000000178028d4                bootz_setup
 .text.boot_prep_vxworks
                0x0000000017802934       0x50 arch/arm/lib/built-in.o
                0x0000000017802934                boot_prep_vxworks
 .text.boot_jump_vxworks
                0x0000000017802984        0xc arch/arm/lib/built-in.o
                0x0000000017802984                boot_jump_vxworks
 .text.pl310_background_op_all_ways
                0x0000000017802990       0x38 arch/arm/lib/built-in.o
 .text.v7_outer_cache_inval_all
                0x00000000178029c8        0xc arch/arm/lib/built-in.o
                0x00000000178029c8                v7_outer_cache_inval_all
 .text.v7_outer_cache_flush_all
                0x00000000178029d4        0xc arch/arm/lib/built-in.o
                0x00000000178029d4                v7_outer_cache_flush_all
 .text.v7_outer_cache_flush_range
                0x00000000178029e0       0x30 arch/arm/lib/built-in.o
                0x00000000178029e0                v7_outer_cache_flush_range
 .text.v7_outer_cache_inval_range
                0x0000000017802a10       0x80 arch/arm/lib/built-in.o
                0x0000000017802a10                v7_outer_cache_inval_range
 .text.arch_reserve_stacks
                0x0000000017802a90       0x1c arch/arm/lib/built-in.o
                0x0000000017802a90                arch_reserve_stacks
 .text.interrupt_init
                0x0000000017802aac       0x1c arch/arm/lib/built-in.o
                0x0000000017802aac                interrupt_init
 .text.enable_interrupts
                0x0000000017802ac8        0x4 arch/arm/lib/built-in.o
                0x0000000017802ac8                enable_interrupts
 .text.disable_interrupts
                0x0000000017802acc        0x8 arch/arm/lib/built-in.o
                0x0000000017802acc                disable_interrupts
 .text.bad_mode
                0x0000000017802ad4       0x10 arch/arm/lib/built-in.o
                0x0000000017802ad4                bad_mode
 .text.show_regs
                0x0000000017802ae4      0x174 arch/arm/lib/built-in.o
                0x0000000017802ae4                show_regs
 .text.do_undefined_instruction
                0x0000000017802c58       0x20 arch/arm/lib/built-in.o
                0x0000000017802c58                do_undefined_instruction
 .text.do_software_interrupt
                0x0000000017802c78       0x20 arch/arm/lib/built-in.o
                0x0000000017802c78                do_software_interrupt
 .text.do_prefetch_abort
                0x0000000017802c98       0x20 arch/arm/lib/built-in.o
                0x0000000017802c98                do_prefetch_abort
 .text.do_data_abort
                0x0000000017802cb8       0x20 arch/arm/lib/built-in.o
                0x0000000017802cb8                do_data_abort
 .text.do_not_used
                0x0000000017802cd8       0x20 arch/arm/lib/built-in.o
                0x0000000017802cd8                do_not_used
 .text.do_fiq   0x0000000017802cf8       0x20 arch/arm/lib/built-in.o
                0x0000000017802cf8                do_fiq
 .text.do_irq   0x0000000017802d18       0x20 arch/arm/lib/built-in.o
                0x0000000017802d18                do_irq
 .text.do_reset
                0x0000000017802d38       0x30 arch/arm/lib/built-in.o
                0x0000000017802d38                do_reset
 .text.cp_delay
                0x0000000017802d68       0x30 arch/arm/lib/built-in.o
 .text.cache_disable
                0x0000000017802d98       0x50 arch/arm/lib/built-in.o
 .text.arm_init_domains
                0x0000000017802de8        0x4 arch/arm/lib/built-in.o
                0x0000000017802de8                arm_init_domains
 .text.set_section_dcache
                0x0000000017802dec       0x14 arch/arm/lib/built-in.o
                0x0000000017802dec                set_section_dcache
 .text.mmu_set_region_dcache_behaviour
                0x0000000017802e00       0x50 arch/arm/lib/built-in.o
                0x0000000017802e00                mmu_set_region_dcache_behaviour
 .text.dram_bank_mmu_setup
                0x0000000017802e50       0x44 arch/arm/lib/built-in.o
                0x0000000017802e50                dram_bank_mmu_setup
 .text.icache_enable
                0x0000000017802e94       0x18 arch/arm/lib/built-in.o
                0x0000000017802e94                icache_enable
 .text.icache_disable
                0x0000000017802eac        0x8 arch/arm/lib/built-in.o
                0x0000000017802eac                icache_disable
 .text.icache_status
                0x0000000017802eb4        0xc arch/arm/lib/built-in.o
                0x0000000017802eb4                icache_status
 .text.dcache_enable
                0x0000000017802ec0       0x6c arch/arm/lib/built-in.o
                0x0000000017802ec0                dcache_enable
 .text.dcache_disable
                0x0000000017802f2c        0x8 arch/arm/lib/built-in.o
                0x0000000017802f2c                dcache_disable
 .text.dcache_status
                0x0000000017802f34        0xc arch/arm/lib/built-in.o
                0x0000000017802f34                dcache_status
 .text.pfuze_mode_init
                0x0000000017802f40       0xa0 board/freescale/common/built-in.o
                0x0000000017802f40                pfuze_mode_init
 .text.pfuze_common_init
                0x0000000017802fe0      0x10c board/freescale/common/built-in.o
                0x0000000017802fe0                pfuze_common_init
 .text.enable_lvds
                0x00000000178030ec       0x14 board/freescale/mx6sabresd/built-in.o
 .text.enable_rgb
                0x0000000017803100       0x24 board/freescale/mx6sabresd/built-in.o
 .text.do_enable_hdmi
                0x0000000017803124       0x18 board/freescale/mx6sabresd/built-in.o
 .text.dram_init
                0x000000001780313c       0x18 board/freescale/mx6sabresd/built-in.o
                0x000000001780313c                dram_init
 .text.board_spi_cs_gpio
                0x0000000017803154       0x10 board/freescale/mx6sabresd/built-in.o
                0x0000000017803154                board_spi_cs_gpio
 .text.mmc_get_env_devno
                0x0000000017803164       0x24 board/freescale/mx6sabresd/built-in.o
                0x0000000017803164                mmc_get_env_devno
 .text.board_mmc_getcd
                0x0000000017803188       0x60 board/freescale/mx6sabresd/built-in.o
                0x0000000017803188                board_mmc_getcd
 .text.board_mmc_init
                0x00000000178031e8       0xb8 board/freescale/mx6sabresd/built-in.o
                0x00000000178031e8                board_mmc_init
 .text.check_mmc_autodetect
                0x00000000178032a0       0x38 board/freescale/mx6sabresd/built-in.o
                0x00000000178032a0                check_mmc_autodetect
 .text.board_late_mmc_env_init
                0x00000000178032d8       0x78 board/freescale/mx6sabresd/built-in.o
                0x00000000178032d8                board_late_mmc_env_init
 .text.mx6_rgmii_rework
                0x0000000017803350      0x110 board/freescale/mx6sabresd/built-in.o
                0x0000000017803350                mx6_rgmii_rework
 .text.board_phy_config
                0x0000000017803460       0x2c board/freescale/mx6sabresd/built-in.o
                0x0000000017803460                board_phy_config
 .text.overwrite_console
                0x000000001780348c        0x8 board/freescale/mx6sabresd/built-in.o
                0x000000001780348c                overwrite_console
 .text.board_eth_init
                0x0000000017803494       0x54 board/freescale/mx6sabresd/built-in.o
                0x0000000017803494                board_eth_init
 .text.board_ehci_hcd_init
                0x00000000178034e8       0x28 board/freescale/mx6sabresd/built-in.o
                0x00000000178034e8                board_ehci_hcd_init
 .text.board_ehci_power
                0x0000000017803510       0x4c board/freescale/mx6sabresd/built-in.o
                0x0000000017803510                board_ehci_power
 .text.board_early_init_f
                0x000000001780355c       0x8c board/freescale/mx6sabresd/built-in.o
                0x000000001780355c                board_early_init_f
 .text.board_init
                0x00000000178035e8       0x7c board/freescale/mx6sabresd/built-in.o
                0x00000000178035e8                board_init
 .text.power_init_board
                0x0000000017803664      0x260 board/freescale/mx6sabresd/built-in.o
                0x0000000017803664                power_init_board
 .text.ldo_mode_set
                0x00000000178038c4      0x2a8 board/freescale/mx6sabresd/built-in.o
                0x00000000178038c4                ldo_mode_set
 .text.board_late_init
                0x0000000017803b6c       0x1c board/freescale/mx6sabresd/built-in.o
                0x0000000017803b6c                board_late_init
 .text.checkboard
                0x0000000017803b88       0x18 board/freescale/mx6sabresd/built-in.o
                0x0000000017803b88                checkboard
 .text.show_boot_progress
                0x0000000017803ba0        0x4 common/built-in.o
                0x0000000017803ba0                show_boot_progress
 .text.main_loop
                0x0000000017803ba4       0x20 common/built-in.o
                0x0000000017803ba4                main_loop
 .text.dummy    0x0000000017803bc4        0x4 common/built-in.o
 .text.get_version
                0x0000000017803bc8        0x8 common/built-in.o
                0x0000000017803bc8                get_version
 .text.jumptable_init
                0x0000000017803bd0      0x1c0 common/built-in.o
                0x0000000017803bd0                jumptable_init
 .text.hash_command
                0x0000000017803d90       0xb4 common/built-in.o
                0x0000000017803d90                hash_command
 .text.b_reset  0x0000000017803e44       0x1c common/built-in.o
 .text.static_get
                0x0000000017803e60       0x1c common/built-in.o
 .text.static_peek
                0x0000000017803e7c        0xc common/built-in.o
 .text.file_peek
                0x0000000017803e88        0xc common/built-in.o
 .text.mapset   0x0000000017803e94       0x20 common/built-in.o
 .text.syntax_err
                0x0000000017803eb4        0xc common/built-in.o
 .text.free_pipe_list
                0x0000000017803ec0       0xf0 common/built-in.o
 .text.xmalloc  0x0000000017803fb0       0x20 common/built-in.o
 .text.new_pipe
                0x0000000017803fd0       0x28 common/built-in.o
 .text.xrealloc
                0x0000000017803ff8       0x20 common/built-in.o
 .text.done_command
                0x0000000017804018       0x88 common/built-in.o
 .text.done_pipe
                0x00000000178040a0       0x48 common/built-in.o
 .text.done_word
                0x00000000178040e8      0x2d8 common/built-in.o
 .text.do_showvar
                0x00000000178043c0       0xfc common/built-in.o
 .text.is_assignment
                0x00000000178044bc       0x5c common/built-in.o
 .text.file_get
                0x0000000017804518      0x1ec common/built-in.o
 .text.b_addchr
                0x0000000017804704       0x78 common/built-in.o
 .text.b_addqchr
                0x000000001780477c       0x50 common/built-in.o
 .text.get_local_var
                0x00000000178047cc       0xa0 common/built-in.o
                0x00000000178047cc                get_local_var
 .text.set_local_var
                0x000000001780486c      0x1ac common/built-in.o
                0x000000001780486c                set_local_var
 .text.insert_var_value_sub
                0x0000000017804a18      0x2c0 common/built-in.o
 .text.parse_string_outer
                0x0000000017804cd8       0xe4 common/built-in.o
                0x0000000017804cd8                parse_string_outer
 .text.run_list_real
                0x0000000017804dbc      0x7e4 common/built-in.o
 .text.parse_stream_outer
                0x00000000178055a0      0x6d4 common/built-in.o
 .text.parse_file_outer
                0x0000000017805c74       0x44 common/built-in.o
                0x0000000017805c74                parse_file_outer
 .text.u_boot_hush_start
                0x0000000017805cb8       0x54 common/built-in.o
                0x0000000017805cb8                u_boot_hush_start
 .text.bootdelay_process
                0x0000000017805d0c       0xd0 common/built-in.o
                0x0000000017805d0c                bootdelay_process
 .text.autoboot_command
                0x0000000017805ddc       0xd0 common/built-in.o
                0x0000000017805ddc                autoboot_command
 .text.display_text_info
                0x0000000017805eac        0x8 common/built-in.o
 .text.setup_mon_len
                0x0000000017805eb4       0x20 common/built-in.o
 .text.setup_fdt
                0x0000000017805ed4        0x8 common/built-in.o
 .text.reserve_round_4k
                0x0000000017805edc       0x18 common/built-in.o
 .text.reserve_mmu
                0x0000000017805ef4       0x38 common/built-in.o
 .text.reserve_trace
                0x0000000017805f2c        0x8 common/built-in.o
 .text.reserve_uboot
                0x0000000017805f34       0x30 common/built-in.o
 .text.reserve_malloc
                0x0000000017805f64       0x18 common/built-in.o
 .text.setup_machine
                0x0000000017805f7c       0x14 common/built-in.o
 .text.reserve_global_data
                0x0000000017805f90       0x1c common/built-in.o
 .text.reserve_fdt
                0x0000000017805fac       0x4c common/built-in.o
 .text.display_new_sp
                0x0000000017805ff8        0x8 common/built-in.o
 .text.initf_malloc
                0x0000000017806000       0x1c common/built-in.o
 .text.reserve_arch
                0x000000001780601c        0x8 common/built-in.o
                0x000000001780601c                reserve_arch
 .text.setup_reloc
                0x0000000017806024       0x28 common/built-in.o
 .text.reloc_fdt
                0x000000001780604c       0x30 common/built-in.o
 .text.announce_dram_init
                0x000000001780607c       0x18 common/built-in.o
 .text.init_func_i2c
                0x0000000017806094       0x28 common/built-in.o
 .text.init_baud_rate
                0x00000000178060bc       0x2c common/built-in.o
 .text.initf_dm
                0x00000000178060e8        0x8 common/built-in.o
 .text.mark_bootstage
                0x00000000178060f0       0x14 common/built-in.o
 .text.reserve_board
                0x0000000017806104       0x38 common/built-in.o
 .text.coloured_LED_init
                0x000000001780613c        0x4 common/built-in.o
                0x000000001780613c                coloured_LED_init
 .text.red_led_on
                0x0000000017806140        0x4 common/built-in.o
                0x0000000017806140                red_led_on
 .text.board_add_ram_info
                0x0000000017806144        0x4 common/built-in.o
                0x0000000017806144                board_add_ram_info
 .text.show_dram_config
                0x0000000017806148       0x38 common/built-in.o
 .text.dram_init_banksize
                0x0000000017806180       0x20 common/built-in.o
                0x0000000017806180                dram_init_banksize
 .text.setup_dram_config
                0x00000000178061a0       0x10 common/built-in.o
 .text.board_get_usable_ram_top
                0x00000000178061b0       0x14 common/built-in.o
                0x00000000178061b0                board_get_usable_ram_top
 .text.setup_dest_addr
                0x00000000178061c4       0x3c common/built-in.o
 .text.reserve_stacks
                0x0000000017806200       0x1c common/built-in.o
 .text.board_init_f
                0x000000001780621c       0x28 common/built-in.o
                0x000000001780621c                board_init_f
 .text.bootstage_relocate
                0x0000000017806244        0x8 common/built-in.o
 .text.initr_trace
                0x000000001780624c        0x8 common/built-in.o
 .text.initr_reloc_global_data
                0x0000000017806254       0x28 common/built-in.o
 .text.initr_barrier
                0x000000001780627c        0x8 common/built-in.o
 .text.initr_announce
                0x0000000017806284        0x8 common/built-in.o
 .text.run_main_loop
                0x000000001780628c        0xc common/built-in.o
 .text.initr_net
                0x0000000017806298       0x20 common/built-in.o
 .text.initr_ethaddr
                0x00000000178062b8       0x20 common/built-in.o
 .text.initr_enable_interrupts
                0x00000000178062d8       0x10 common/built-in.o
 .text.initr_jumptable
                0x00000000178062e8       0x10 common/built-in.o
 .text.initr_env
                0x00000000178062f8       0x30 common/built-in.o
 .text.initr_mmc
                0x0000000017806328       0x20 common/built-in.o
 .text.initr_serial
                0x0000000017806348       0x10 common/built-in.o
 .text.initr_dm
                0x0000000017806358       0x14 common/built-in.o
 .text.initr_malloc
                0x000000001780636c       0x24 common/built-in.o
 .text.initr_caches
                0x0000000017806390       0x10 common/built-in.o
 .text.initr_reloc
                0x00000000178063a0       0x24 common/built-in.o
 .text.cpu_secondary_init_r
                0x00000000178063c4        0x4 common/built-in.o
                0x00000000178063c4                cpu_secondary_init_r
 .text.initr_secondary_cpu
                0x00000000178063c8       0x10 common/built-in.o
 .text.board_init_r
                0x00000000178063d8       0x14 common/built-in.o
                0x00000000178063d8                board_init_r
 .text.show_board_info
                0x00000000178063ec        0x4 common/built-in.o
                0x00000000178063ec                show_board_info
 .text.do_go_exec
                0x00000000178063f0       0x10 common/built-in.o
                0x00000000178063f0                do_go_exec
 .text.do_go    0x0000000017806400       0x6c common/built-in.o
 .text.do_bootm
                0x000000001780646c      0x118 common/built-in.o
                0x000000001780646c                do_bootm
 .text.do_bootd
                0x0000000017806584       0x20 common/built-in.o
                0x0000000017806584                do_bootd
 .text.image_info
                0x00000000178065a4       0xcc common/built-in.o
 .text.do_iminfo
                0x0000000017806670       0x60 common/built-in.o
 .text.bootm_maybe_autostart
                0x00000000178066d0       0x78 common/built-in.o
                0x00000000178066d0                bootm_maybe_autostart
 .text.do_bootz
                0x0000000017806748       0xf8 common/built-in.o
                0x0000000017806748                do_bootz
 .text.bootm_find_ramdisk_fdt
                0x0000000017806840       0xa8 common/built-in.o
                0x0000000017806840                bootm_find_ramdisk_fdt
 .text.bootm_decomp_image
                0x00000000178068e8      0x150 common/built-in.o
                0x00000000178068e8                bootm_decomp_image
 .text.bootm_disable_interrupts
                0x0000000017806a38       0x18 common/built-in.o
                0x0000000017806a38                bootm_disable_interrupts
 .text.do_bootm_states
                0x0000000017806a50      0x74c common/built-in.o
                0x0000000017806a50                do_bootm_states
 .text.copy_args
                0x000000001780719c       0x50 common/built-in.o
 .text.do_bootm_rtems
                0x00000000178071ec       0x40 common/built-in.o
 .text.do_bootm_plan9
                0x000000001780722c       0xa4 common/built-in.o
 .text.do_bootm_standalone
                0x00000000178072d0       0x64 common/built-in.o
 .text.do_bootm_netbsd
                0x0000000017807334       0xf8 common/built-in.o
 .text.do_bootvx_fdt
                0x000000001780742c      0x10c common/built-in.o
                0x000000001780742c                do_bootvx_fdt
 .text.do_bootm_vxworks
                0x0000000017807538       0x24 common/built-in.o
 .text.boot_selected_os
                0x000000001780755c       0x58 common/built-in.o
                0x000000001780755c                boot_selected_os
 .text.bootm_os_get_boot_func
                0x00000000178075b4       0x10 common/built-in.o
                0x00000000178075b4                bootm_os_get_boot_func
 .text.do_help  0x00000000178075c4       0x48 common/built-in.o
 .text.do_version
                0x000000001780760c       0x38 common/built-in.o
 .text.env_attr_walk
                0x0000000017807644      0x114 common/built-in.o
                0x0000000017807644                env_attr_walk
 .text.env_attr_lookup
                0x0000000017807758      0x18c common/built-in.o
                0x0000000017807758                env_attr_lookup
 .text.clear_callback
                0x00000000178078e4       0x10 common/built-in.o
 .text.find_env_callback
                0x00000000178078f4       0x68 common/built-in.o
 .text.on_callbacks
                0x000000001780795c       0x48 common/built-in.o
 .text.set_callback
                0x00000000178079a4       0x94 common/built-in.o
 .text.env_callback_init
                0x0000000017807a38       0xc4 common/built-in.o
                0x0000000017807a38                env_callback_init
 .text.skip_num
                0x0000000017807afc       0x70 common/built-in.o
 .text.clear_flags
                0x0000000017807b6c       0x10 common/built-in.o
 .text.on_flags
                0x0000000017807b7c       0x48 common/built-in.o
 .text.env_flags_parse_vartype
                0x0000000017807bc4       0x50 common/built-in.o
                0x0000000017807bc4                env_flags_parse_vartype
 .text.env_flags_parse_varaccess
                0x0000000017807c14       0x58 common/built-in.o
                0x0000000017807c14                env_flags_parse_varaccess
 .text.set_flags
                0x0000000017807c6c       0xac common/built-in.o
 .text.env_flags_init
                0x0000000017807d18       0xd8 common/built-in.o
                0x0000000017807d18                env_flags_init
 .text.env_flags_validate
                0x0000000017807df0      0x324 common/built-in.o
                0x0000000017807df0                env_flags_validate
 .text.mmc_get_env_addr
                0x0000000017808114       0x10 common/built-in.o
                0x0000000017808114                mmc_get_env_addr
 .text.env_init
                0x0000000017808124       0x1c common/built-in.o
                0x0000000017808124                env_init
 .text.mmc_get_env_part
                0x0000000017808140        0x8 common/built-in.o
                0x0000000017808140                mmc_get_env_part
 .text.init_mmc_for_env
                0x0000000017808148       0x78 common/built-in.o
 .text.fini_mmc_for_env
                0x00000000178081c0       0x30 common/built-in.o
 .text.saveenv  0x00000000178081f0      0x10c common/built-in.o
                0x00000000178081f0                saveenv
 .text.env_relocate_spec
                0x00000000178082fc       0xe0 common/built-in.o
                0x00000000178082fc                env_relocate_spec
 .text.source   0x00000000178083dc       0xd8 common/built-in.o
                0x00000000178083dc                source
 .text.do_source
                0x00000000178084b4       0x44 common/built-in.o
 .text.print_num
                0x00000000178084f8       0x18 common/built-in.o
 .text.do_bdinfo
                0x0000000017808510      0x18c common/built-in.o
 .text.parse_argv
                0x000000001780869c       0x64 common/built-in.o
 .text.do_icache
                0x0000000017808700       0x88 common/built-in.o
 .text.do_dcache
                0x0000000017808788       0x88 common/built-in.o
 .text.do_coninfo
                0x0000000017808810       0xbc common/built-in.o
 .text.do_echo  0x00000000178088cc       0xb0 common/built-in.o
 .text.do_exit  0x000000001780897c       0x30 common/built-in.o
 .text.do_ext4_size
                0x00000000178089ac       0x18 common/built-in.o
                0x00000000178089ac                do_ext4_size
 .text.do_ext4_load
                0x00000000178089c4       0x18 common/built-in.o
                0x00000000178089c4                do_ext4_load
 .text.do_ext4_ls
                0x00000000178089dc       0x18 common/built-in.o
                0x00000000178089dc                do_ext4_ls
 .text.do_ext4_write
                0x00000000178089f4       0x18 common/built-in.o
                0x00000000178089f4                do_ext4_write
 .text.do_ext2load
                0x0000000017808a0c       0x18 common/built-in.o
                0x0000000017808a0c                do_ext2load
 .text.do_ext2ls
                0x0000000017808a24       0x18 common/built-in.o
 .text.do_fat_size
                0x0000000017808a3c       0x18 common/built-in.o
                0x0000000017808a3c                do_fat_size
 .text.do_fat_fsload
                0x0000000017808a54       0x18 common/built-in.o
                0x0000000017808a54                do_fat_fsload
 .text.do_fat_ls
                0x0000000017808a6c       0x18 common/built-in.o
 .text.do_fat_fsinfo
                0x0000000017808a84       0x90 common/built-in.o
 .text.fdt_valid
                0x0000000017808b14       0xbc common/built-in.o
 .text.is_printable_string
                0x0000000017808bd0       0x98 common/built-in.o
 .text.print_data
                0x0000000017808c68      0x174 common/built-in.o
 .text.set_working_fdt_addr
                0x0000000017808ddc       0x1c common/built-in.o
                0x0000000017808ddc                set_working_fdt_addr
 .text.do_fdt   0x0000000017808df8      0xe90 common/built-in.o
 .text.fdt_find_and_setprop
                0x0000000017809c88       0x70 common/built-in.o
                0x0000000017809c88                fdt_find_and_setprop
 .text.fdt_find_or_add_subnode
                0x0000000017809cf8       0x68 common/built-in.o
                0x0000000017809cf8                fdt_find_or_add_subnode
 .text.fdt_initrd
                0x0000000017809d60      0x1d0 common/built-in.o
                0x0000000017809d60                fdt_initrd
 .text.fdt_chosen
                0x0000000017809f30       0xa8 common/built-in.o
                0x0000000017809f30                fdt_chosen
 .text.do_fixup_by_path
                0x0000000017809fd8       0x54 common/built-in.o
                0x0000000017809fd8                do_fixup_by_path
 .text.fdt_fixup_memory_banks
                0x000000001780a02c      0x1a4 common/built-in.o
                0x000000001780a02c                fdt_fixup_memory_banks
 .text.fdt_fixup_memory
                0x000000001780a1d0       0x20 common/built-in.o
                0x000000001780a1d0                fdt_fixup_memory
 .text.fdt_fixup_ethernet
                0x000000001780a1f0      0x158 common/built-in.o
                0x000000001780a1f0                fdt_fixup_ethernet
 .text.fdt_shrink_to_minimum
                0x000000001780a348       0xcc common/built-in.o
                0x000000001780a348                fdt_shrink_to_minimum
 .text.do_flinfo
                0x000000001780a414        0x8 common/built-in.o
 .text.do_flerase
                0x000000001780a41c        0x8 common/built-in.o
 .text.do_protect
                0x000000001780a424       0x10 common/built-in.o
 .text.strtou32
                0x000000001780a434       0x48 common/built-in.o
 .text.do_fuse  0x000000001780a47c      0x360 common/built-in.o
 .text.do_i2c   0x000000001780a7dc       0x64 common/built-in.o
 .text.do_i2c_reset
                0x000000001780a840       0x30 common/built-in.o
 .text.do_i2c_probe
                0x000000001780a870       0x9c common/built-in.o
 .text.do_i2c_bus_num
                0x000000001780a90c       0xb8 common/built-in.o
 .text.do_i2c_bus_speed
                0x000000001780a9c4       0x74 common/built-in.o
 .text.do_i2c_show_bus
                0x000000001780aa38       0xd8 common/built-in.o
 .text.get_alen.constprop.5
                0x000000001780ab10       0x3c common/built-in.o
 .text.do_i2c_crc
                0x000000001780ab4c      0x124 common/built-in.o
 .text.do_i2c_read
                0x000000001780ac70       0xbc common/built-in.o
 .text.do_i2c_md
                0x000000001780ad2c      0x1e8 common/built-in.o
 .text.do_i2c_mw
                0x000000001780af14      0x100 common/built-in.o
 .text.do_i2c_write
                0x000000001780b014      0x14c common/built-in.o
 .text.mod_i2c_mem.isra.4
                0x000000001780b160      0x208 common/built-in.o
 .text.do_i2c_nm
                0x000000001780b368        0x8 common/built-in.o
 .text.do_i2c_mm
                0x000000001780b370        0x8 common/built-in.o
 .text.do_i2c_loop
                0x000000001780b378       0xe4 common/built-in.o
 .text.i2c_init_board
                0x000000001780b45c        0x4 common/built-in.o
                0x000000001780b45c                i2c_init_board
 .text.evalexp  0x000000001780b460       0x74 common/built-in.o
 .text.evalstr  0x000000001780b4d4       0x6c common/built-in.o
 .text.binary_test
                0x000000001780b540      0x1b0 common/built-in.o
 .text.do_itest
                0x000000001780b6f0       0x98 common/built-in.o
 .text.bin_data_init
                0x000000001780b788       0x2c common/built-in.o
 .text.k_data_save
                0x000000001780b7b4       0x4c common/built-in.o
 .text.k_data_restore
                0x000000001780b800       0x4c common/built-in.o
 .text.getcxmodem
                0x000000001780b84c       0x20 common/built-in.o
 .text.load_serial_ymodem
                0x000000001780b86c       0xcc common/built-in.o
 .text.bin_data_char
                0x000000001780b938       0x2c common/built-in.o
 .text.chk1.constprop.1
                0x000000001780b964       0x2c common/built-in.o
 .text.s1_sendpacket.constprop.2
                0x000000001780b990       0x50 common/built-in.o
 .text.load_serial
                0x000000001780b9e0      0x1e0 common/built-in.o
 .text.do_load_serial
                0x000000001780bbc0       0xdc common/built-in.o
 .text.do_load_serial_bin
                0x000000001780bc9c      0x7b0 common/built-in.o
 .text.do_mem_mw
                0x000000001780c44c       0xc0 common/built-in.o
 .text.do_mem_loop
                0x000000001780c50c       0xec common/built-in.o
 .text.do_mem_md
                0x000000001780c5f8       0xec common/built-in.o
 .text.do_mem_cmp
                0x000000001780c6e4      0x16c common/built-in.o
 .text.do_mem_base
                0x000000001780c850       0x40 common/built-in.o
 .text.do_mem_cp
                0x000000001780c890       0xd8 common/built-in.o
 .text.do_mem_crc
                0x000000001780c968       0x48 common/built-in.o
 .text.do_mem_mtest
                0x000000001780c9b0      0x204 common/built-in.o
 .text.mod_mem.isra.2
                0x000000001780cbb4      0x164 common/built-in.o
 .text.do_mem_mm
                0x000000001780cd18        0x8 common/built-in.o
 .text.do_mem_nm
                0x000000001780cd20        0x8 common/built-in.o
 .text.miiphy_get_dev_by_name
                0x000000001780cd28       0x60 common/built-in.o
                0x000000001780cd28                miiphy_get_dev_by_name
 .text.miiphy_init
                0x000000001780cd88       0x24 common/built-in.o
                0x000000001780cd88                miiphy_init
 .text.mdio_alloc
                0x000000001780cdac       0x30 common/built-in.o
                0x000000001780cdac                mdio_alloc
 .text.mdio_register
                0x000000001780cddc       0xa0 common/built-in.o
                0x000000001780cddc                mdio_register
 .text.mdio_list_devices
                0x000000001780ce7c       0x98 common/built-in.o
                0x000000001780ce7c                mdio_list_devices
 .text.miiphy_set_current_dev
                0x000000001780cf14       0x40 common/built-in.o
                0x000000001780cf14                miiphy_set_current_dev
 .text.miiphy_get_active_dev
                0x000000001780cf54       0x54 common/built-in.o
 .text.mdio_get_current_dev
                0x000000001780cfa8       0x10 common/built-in.o
                0x000000001780cfa8                mdio_get_current_dev
 .text.mdio_phydev_for_ethname
                0x000000001780cfb8       0x88 common/built-in.o
                0x000000001780cfb8                mdio_phydev_for_ethname
 .text.miiphy_get_current_dev
                0x000000001780d040       0x18 common/built-in.o
                0x000000001780d040                miiphy_get_current_dev
 .text.miiphy_read
                0x000000001780d058       0x4c common/built-in.o
                0x000000001780d058                miiphy_read
 .text.miiphy_write
                0x000000001780d0a4       0x40 common/built-in.o
                0x000000001780d0a4                miiphy_write
 .text.miiphy_listdev
                0x000000001780d0e4       0x74 common/built-in.o
                0x000000001780d0e4                miiphy_listdev
 .text.miiphy_info
                0x000000001780d158       0x88 common/built-in.o
                0x000000001780d158                miiphy_info
 .text.miiphy_speed
                0x000000001780d1e0       0x94 common/built-in.o
                0x000000001780d1e0                miiphy_speed
 .text.miiphy_duplex
                0x000000001780d274       0x94 common/built-in.o
                0x000000001780d274                miiphy_duplex
 .text.miiphy_is_1000base_x
                0x000000001780d308        0x8 common/built-in.o
                0x000000001780d308                miiphy_is_1000base_x
 .text.extract_range
                0x000000001780d310       0xe4 common/built-in.o
 .text.do_mii   0x000000001780d3f4      0x7a4 common/built-in.o
 .text.do_mdio  0x000000001780db98      0x4b8 common/built-in.o
 .text.do_sleep
                0x000000001780e050       0x70 common/built-in.o
 .text.do_mmcops
                0x000000001780e0c0       0xb4 common/built-in.o
 .text.init_mmc_device
                0x000000001780e174       0x54 common/built-in.o
 .text.do_mmc_rescan
                0x000000001780e1c8       0x24 common/built-in.o
 .text.do_mmc_rst_func
                0x000000001780e1ec       0xa0 common/built-in.o
 .text.do_mmc_partconf
                0x000000001780e28c       0xb4 common/built-in.o
 .text.do_mmc_boot_resize
                0x000000001780e340       0xcc common/built-in.o
 .text.do_mmc_bootbus
                0x000000001780e40c       0xb4 common/built-in.o
 .text.do_mmc_hwpartition
                0x000000001780e4c0      0x51c common/built-in.o
 .text.do_mmc_list
                0x000000001780e9dc       0x14 common/built-in.o
 .text.do_mmc_dev
                0x000000001780e9f0      0x134 common/built-in.o
 .text.do_mmc_part
                0x000000001780eb24       0x5c common/built-in.o
 .text.do_mmc_erase
                0x000000001780eb80       0xe8 common/built-in.o
 .text.do_mmc_write
                0x000000001780ec68      0x100 common/built-in.o
 .text.do_mmc_read
                0x000000001780ed68       0xec common/built-in.o
 .text.do_mmcinfo
                0x000000001780ee54      0x370 common/built-in.o
 .text.do_mmc_setdsr
                0x000000001780f1c4       0xb0 common/built-in.o
 .text.cpu_cmd  0x000000001780f274      0x110 common/built-in.o
 .text.netboot_common
                0x000000001780f384      0x294 common/built-in.o
 .text.do_bootp
                0x000000001780f618        0xc common/built-in.o
 .text.do_dhcp  0x000000001780f624        0xc common/built-in.o
 .text.do_nfs   0x000000001780f630        0xc common/built-in.o
 .text.do_tftpb
                0x000000001780f63c       0x40 common/built-in.o
                0x000000001780f63c                do_tftpb
 .text.do_ping  0x000000001780f67c       0x7c common/built-in.o
 .text.bytes_per_second
                0x000000001780f6f8       0x50 common/built-in.o
 .text.do_spi_flash
                0x000000001780f748      0x748 common/built-in.o
 .text.get_arg  0x000000001780fe90       0x58 common/built-in.o
 .text.do_setexpr
                0x000000001780fee8      0x140 common/built-in.o
 .text.do_false
                0x0000000017810028        0x8 common/built-in.o
 .text.do_true  0x0000000017810030        0x8 common/built-in.o
 .text.do_test  0x0000000017810038      0x33c common/built-in.o
 .text.usb_get_class_desc
                0x0000000017810374       0xbc common/built-in.o
 .text.usb_display_class_sub
                0x0000000017810430      0x170 common/built-in.o
 .text.usb_find_device
                0x00000000178105a0       0x3c common/built-in.o
 .text.usb_show_tree_graph
                0x00000000178105dc      0x21c common/built-in.o
 .text.usb_display_string
                0x00000000178107f8       0x44 common/built-in.o
 .text.usb_display_config
                0x000000001781083c      0x20c common/built-in.o
 .text.do_usbboot
                0x0000000017810a48        0xc common/built-in.o
 .text.do_usb_start
                0x0000000017810a54       0x44 common/built-in.o
 .text.usb_display_desc.part.3
                0x0000000017810a98      0x12c common/built-in.o
 .text.do_usb   0x0000000017810bc4      0x780 common/built-in.o
 .text.usb_set_maxpacket_ep
                0x0000000017811344       0x70 common/built-in.o
 .text.usb_stop
                0x00000000178113b4       0x64 common/built-in.o
                0x00000000178113b4                usb_stop
 .text.usb_disable_asynch
                0x0000000017811418       0x20 common/built-in.o
                0x0000000017811418                usb_disable_asynch
 .text.usb_control_msg
                0x0000000017811438       0xc4 common/built-in.o
                0x0000000017811438                usb_control_msg
 .text.usb_get_descriptor
                0x00000000178114fc       0x50 common/built-in.o
 .text.usb_get_string
                0x000000001781154c       0x6c common/built-in.o
 .text.usb_string_sub
                0x00000000178115b8      0x108 common/built-in.o
 .text.usb_bulk_msg
                0x00000000178116c0       0x74 common/built-in.o
                0x00000000178116c0                usb_bulk_msg
 .text.usb_maxpacket
                0x0000000017811734       0x1c common/built-in.o
                0x0000000017811734                usb_maxpacket
 .text.usb_clear_halt
                0x0000000017811750       0x8c common/built-in.o
                0x0000000017811750                usb_clear_halt
 .text.usb_get_configuration_no
                0x00000000178117dc       0xbc common/built-in.o
                0x00000000178117dc                usb_get_configuration_no
 .text.usb_set_interface
                0x0000000017811898       0xa8 common/built-in.o
                0x0000000017811898                usb_set_interface
 .text.usb_string
                0x0000000017811940      0x100 common/built-in.o
                0x0000000017811940                usb_string
 .text.usb_get_dev_index
                0x0000000017811a40       0x24 common/built-in.o
                0x0000000017811a40                usb_get_dev_index
 .text.usb_alloc_new_device
                0x0000000017811a64       0x94 common/built-in.o
                0x0000000017811a64                usb_alloc_new_device
 .text.usb_free_device
                0x0000000017811af8       0x48 common/built-in.o
                0x0000000017811af8                usb_free_device
 .text.usb_alloc_device
                0x0000000017811b40        0x8 common/built-in.o
                0x0000000017811b40                usb_alloc_device
 .text.usb_new_device
                0x0000000017811b48      0x5c8 common/built-in.o
                0x0000000017811b48                usb_new_device
 .text.usb_init
                0x0000000017812110      0x12c common/built-in.o
                0x0000000017812110                usb_init
 .text.usb_set_port_feature
                0x000000001781223c       0x4c common/built-in.o
 .text.usb_hub_power_on
                0x0000000017812288       0x44 common/built-in.o
 .text.usb_get_port_status
                0x00000000178122cc       0x4c common/built-in.o
 .text.usb_clear_port_feature
                0x0000000017812318       0x4c common/built-in.o
 .text.usb_get_hub_descriptor
                0x0000000017812364       0x50 common/built-in.o
 .text.usb_hub_reset_devices
                0x00000000178123b4        0x4 common/built-in.o
                0x00000000178123b4                usb_hub_reset_devices
 .text.usb_hub_reset
                0x00000000178123b8       0x14 common/built-in.o
                0x00000000178123b8                usb_hub_reset
 .text.hub_port_reset
                0x00000000178123cc       0x98 common/built-in.o
                0x00000000178123cc                hub_port_reset
 .text.usb_hub_port_connect_change
                0x0000000017812464      0x120 common/built-in.o
                0x0000000017812464                usb_hub_port_connect_change
 .text.usb_hub_configure
                0x0000000017812584      0x2d8 common/built-in.o
 .text.usb_hub_probe
                0x000000001781285c       0x58 common/built-in.o
                0x000000001781285c                usb_hub_probe
 .text.usb_stor_irq
                0x00000000178128b4       0x1c common/built-in.o
 .text.usb_stor_BBB_reset
                0x00000000178128d0       0xd0 common/built-in.o
 .text.usb_stor_CB_reset
                0x00000000178129a0       0xcc common/built-in.o
 .text.usb_stor_BBB_clear_endpt_stall.isra.2
                0x0000000017812a6c       0x40 common/built-in.o
 .text.usb_stor_BBB_transport
                0x0000000017812aac      0x26c common/built-in.o
 .text.usb_stor_CB_comdat
                0x0000000017812d18      0x208 common/built-in.o
 .text.usb_stor_CBI_get_status.isra.4
                0x0000000017812f20       0xc8 common/built-in.o
 .text.usb_stor_CB_transport
                0x0000000017812fe8      0x228 common/built-in.o
 .text.usb_request_sense.constprop.10
                0x0000000017813210       0x70 common/built-in.o
 .text.usb_stor_write
                0x0000000017813280      0x1cc common/built-in.o
                0x0000000017813280                usb_stor_write
 .text.usb_stor_read
                0x000000001781344c      0x1cc common/built-in.o
                0x000000001781344c                usb_stor_read
 .text.usb_stor_get_dev
                0x0000000017813618       0x28 common/built-in.o
                0x0000000017813618                usb_stor_get_dev
 .text.usb_stor_info
                0x0000000017813640       0x74 common/built-in.o
                0x0000000017813640                usb_stor_info
 .text.usb_storage_probe
                0x00000000178136b4      0x208 common/built-in.o
                0x00000000178136b4                usb_storage_probe
 .text.usb_stor_get_info
                0x00000000178138bc      0x324 common/built-in.o
                0x00000000178138bc                usb_stor_get_info
 .text.usb_stor_scan
                0x0000000017813be0      0x200 common/built-in.o
                0x0000000017813be0                usb_stor_scan
 .text.do_imgextract
                0x0000000017813de0      0x28c common/built-in.o
 .text.splash_screen_prepare
                0x000000001781406c        0x8 common/built-in.o
                0x000000001781406c                splash_screen_prepare
 .text.splash_get_pos
                0x0000000017814074       0x84 common/built-in.o
                0x0000000017814074                splash_get_pos
 .text.do_env_delete
                0x00000000178140f8       0x9c common/built-in.o
 .text.do_env_exists
                0x0000000017814194       0x64 common/built-in.o
 .text.do_env_save
                0x00000000178141f8       0x2c common/built-in.o
 .text.do_env   0x0000000017814224       0x64 common/built-in.o
 .text.env_print
                0x0000000017814288       0xc0 common/built-in.o
 .text.do_env_print
                0x0000000017814348       0xc4 common/built-in.o
 .text.do_env_import
                0x000000001781440c      0x28c common/built-in.o
 .text.do_env_default
                0x0000000017814698       0xa8 common/built-in.o
 .text._do_env_set.isra.1
                0x0000000017814740      0x1b8 common/built-in.o
 .text.do_env_set
                0x00000000178148f8       0x1c common/built-in.o
 .text.get_env_id
                0x0000000017814914       0x10 common/built-in.o
                0x0000000017814914                get_env_id
 .text.setenv   0x0000000017814924       0x58 common/built-in.o
                0x0000000017814924                setenv
 .text.setenv_ulong
                0x000000001781497c       0x20 common/built-in.o
                0x000000001781497c                setenv_ulong
 .text.setenv_hex
                0x000000001781499c       0x34 common/built-in.o
                0x000000001781499c                setenv_hex
 .text.do_env_export
                0x00000000178149d0      0x260 common/built-in.o
 .text.envmatch
                0x0000000017814c30       0x6c common/built-in.o
                0x0000000017814c30                envmatch
 .text.getenv_f
                0x0000000017814c9c       0xc0 common/built-in.o
                0x0000000017814c9c                getenv_f
 .text.getenv   0x0000000017814d5c       0x78 common/built-in.o
                0x0000000017814d5c                getenv
 .text.getenv_hex
                0x0000000017814dd4       0x3c common/built-in.o
                0x0000000017814dd4                getenv_hex
 .text.getenv_ulong
                0x0000000017814e10       0x30 common/built-in.o
                0x0000000017814e10                getenv_ulong
 .text.do_env_edit
                0x0000000017814e40       0x78 common/built-in.o
 .text.env_get_char_spec
                0x0000000017814eb8        0xc common/built-in.o
                0x0000000017814eb8                env_get_char_spec
 .text.env_get_addr
                0x0000000017814ec4       0x20 common/built-in.o
                0x0000000017814ec4                env_get_addr
 .text.env_get_char_memory
                0x0000000017814ee4       0x10 common/built-in.o
                0x0000000017814ee4                env_get_char_memory
 .text.env_get_char
                0x0000000017814ef4       0x30 common/built-in.o
                0x0000000017814ef4                env_get_char
 .text.getenv_yesno
                0x0000000017814f24       0x40 common/built-in.o
                0x0000000017814f24                getenv_yesno
 .text.getenv_default
                0x0000000017814f64       0x30 common/built-in.o
                0x0000000017814f64                getenv_default
 .text.set_default_env
                0x0000000017814f94       0xc0 common/built-in.o
                0x0000000017814f94                set_default_env
 .text.set_default_vars
                0x0000000017815054       0x3c common/built-in.o
                0x0000000017815054                set_default_vars
 .text.env_import
                0x0000000017815090       0xe0 common/built-in.o
                0x0000000017815090                env_import
 .text.env_export
                0x0000000017815170       0xa0 common/built-in.o
                0x0000000017815170                env_export
 .text.env_relocate
                0x0000000017815210       0x30 common/built-in.o
                0x0000000017815210                env_relocate
 .text.env_complete
                0x0000000017815240       0xdc common/built-in.o
                0x0000000017815240                env_complete
 .text.console_setfile
                0x000000001781531c       0xc0 common/built-in.o
 .text.serial_printf
                0x00000000178153dc       0x4c common/built-in.o
                0x00000000178153dc                serial_printf
 .text.puts     0x0000000017815428       0x34 common/built-in.o
                0x0000000017815428                puts
 .text.printf   0x000000001781545c       0x58 common/built-in.o
                0x000000001781545c                printf
 .text.putc     0x00000000178154b4       0x34 common/built-in.o
                0x00000000178154b4                putc
 .text.fgetc    0x00000000178154e8       0x24 common/built-in.o
                0x00000000178154e8                fgetc
 .text.getc     0x000000001781550c       0x24 common/built-in.o
                0x000000001781550c                getc
 .text.ftstc    0x0000000017815530       0x24 common/built-in.o
                0x0000000017815530                ftstc
 .text.tstc     0x0000000017815554       0x24 common/built-in.o
                0x0000000017815554                tstc
 .text.vprintf  0x0000000017815578       0x3c common/built-in.o
                0x0000000017815578                vprintf
 .text.ctrlc    0x00000000178155b4       0x58 common/built-in.o
                0x00000000178155b4                ctrlc
 .text.confirm_yesno
                0x000000001781560c       0xd4 common/built-in.o
                0x000000001781560c                confirm_yesno
 .text.had_ctrlc
                0x00000000178156e0       0x10 common/built-in.o
                0x00000000178156e0                had_ctrlc
 .text.clear_ctrlc
                0x00000000178156f0       0x14 common/built-in.o
                0x00000000178156f0                clear_ctrlc
 .text.search_device
                0x0000000017815704       0x28 common/built-in.o
                0x0000000017815704                search_device
 .text.console_assign
                0x000000001781572c       0x48 common/built-in.o
                0x000000001781572c                console_assign
 .text.on_console
                0x0000000017815774       0xc0 common/built-in.o
 .text.console_init_f
                0x0000000017815834       0x10 common/built-in.o
                0x0000000017815834                console_init_f
 .text.stdio_print_current_devices
                0x0000000017815844       0xb0 common/built-in.o
                0x0000000017815844                stdio_print_current_devices
 .text.console_init_r
                0x00000000178158f4      0x194 common/built-in.o
                0x00000000178158f4                console_init_r
 .text.sbrk     0x0000000017815a88       0x70 common/built-in.o
                0x0000000017815a88                sbrk
 .text.mem_malloc_init
                0x0000000017815af8       0x34 common/built-in.o
                0x0000000017815af8                mem_malloc_init
 .text.malloc_trim
                0x0000000017815b2c       0xcc common/built-in.o
                0x0000000017815b2c                malloc_trim
 .text.free     0x0000000017815bf8      0x248 common/built-in.o
                0x0000000017815bf8                free
 .text.malloc   0x0000000017815e40      0x62c common/built-in.o
                0x0000000017815e40                malloc
 .text.calloc   0x000000001781646c      0x148 common/built-in.o
                0x000000001781646c                calloc
 .text.realloc  0x00000000178165b4      0x4d8 common/built-in.o
                0x00000000178165b4                realloc
 .text.memalign
                0x0000000017816a8c      0x10c common/built-in.o
                0x0000000017816a8c                memalign
 .text.malloc_simple
                0x0000000017816b98       0x30 common/built-in.o
                0x0000000017816b98                malloc_simple
 .text.on_loadaddr
                0x0000000017816bc8       0x38 common/built-in.o
 .text.image_check_hcrc
                0x0000000017816c00       0x4c common/built-in.o
                0x0000000017816c00                image_check_hcrc
 .text.image_check_dcrc
                0x0000000017816c4c       0x38 common/built-in.o
                0x0000000017816c4c                image_check_dcrc
 .text.image_multi_count
                0x0000000017816c84       0x1c common/built-in.o
                0x0000000017816c84                image_multi_count
 .text.image_multi_getimg
                0x0000000017816ca0       0x80 common/built-in.o
                0x0000000017816ca0                image_multi_getimg
 .text.getenv_bootm_low
                0x0000000017816d20       0x30 common/built-in.o
                0x0000000017816d20                getenv_bootm_low
 .text.getenv_bootm_size
                0x0000000017816d50       0x5c common/built-in.o
                0x0000000017816d50                getenv_bootm_size
 .text.getenv_bootm_mapsize
                0x0000000017816dac       0x30 common/built-in.o
                0x0000000017816dac                getenv_bootm_mapsize
 .text.memmove_wd
                0x0000000017816ddc        0xc common/built-in.o
                0x0000000017816ddc                memmove_wd
 .text.genimg_print_size
                0x0000000017816de8       0x30 common/built-in.o
                0x0000000017816de8                genimg_print_size
 .text.get_table_entry_name
                0x0000000017816e18       0x2c common/built-in.o
                0x0000000017816e18                get_table_entry_name
 .text.genimg_get_os_name
                0x0000000017816e44       0x18 common/built-in.o
                0x0000000017816e44                genimg_get_os_name
 .text.genimg_get_arch_name
                0x0000000017816e5c       0x18 common/built-in.o
                0x0000000017816e5c                genimg_get_arch_name
 .text.genimg_get_type_name
                0x0000000017816e74       0x18 common/built-in.o
                0x0000000017816e74                genimg_get_type_name
 .text.genimg_get_comp_name
                0x0000000017816e8c       0x18 common/built-in.o
                0x0000000017816e8c                genimg_get_comp_name
 .text.image_print_contents
                0x0000000017816ea4      0x174 common/built-in.o
                0x0000000017816ea4                image_print_contents
 .text.genimg_get_kernel_addr_fit
                0x0000000017817018       0x24 common/built-in.o
                0x0000000017817018                genimg_get_kernel_addr_fit
 .text.genimg_get_format
                0x000000001781703c       0x34 common/built-in.o
                0x000000001781703c                genimg_get_format
 .text.genimg_get_image
                0x0000000017817070        0x4 common/built-in.o
                0x0000000017817070                genimg_get_image
 .text.genimg_has_config
                0x0000000017817074        0x8 common/built-in.o
                0x0000000017817074                genimg_has_config
 .text.boot_get_ramdisk
                0x000000001781707c      0x238 common/built-in.o
                0x000000001781707c                boot_get_ramdisk
 .text.boot_ramdisk_high
                0x00000000178172b4      0x13c common/built-in.o
                0x00000000178172b4                boot_ramdisk_high
 .text.boot_get_setup
                0x00000000178173f0        0x8 common/built-in.o
                0x00000000178173f0                boot_get_setup
 .text.image_setup_linux
                0x00000000178173f8       0x8c common/built-in.o
                0x00000000178173f8                image_setup_linux
 .text.fdt_error
                0x0000000017817484       0x2c common/built-in.o
 .text.boot_fdt_add_mem_rsv_regions
                0x00000000178174b0       0x88 common/built-in.o
                0x00000000178174b0                boot_fdt_add_mem_rsv_regions
 .text.boot_relocate_fdt
                0x0000000017817538      0x194 common/built-in.o
                0x0000000017817538                boot_relocate_fdt
 .text.boot_get_fdt
                0x00000000178176cc      0x2ac common/built-in.o
                0x00000000178176cc                boot_get_fdt
 .text.ft_verify_fdt
                0x0000000017817978        0x8 common/built-in.o
                0x0000000017817978                ft_verify_fdt
 .text.image_setup_libfdt
                0x0000000017817980       0xe8 common/built-in.o
                0x0000000017817980                image_setup_libfdt
 .text.get_effective_memsize
                0x0000000017817a68        0x8 common/built-in.o
                0x0000000017817a68                get_effective_memsize
 .text.nulldev_putc
                0x0000000017817a70        0x4 common/built-in.o
 .text.nulldev_puts
                0x0000000017817a74        0x4 common/built-in.o
 .text.nulldev_input
                0x0000000017817a78        0x8 common/built-in.o
 .text.stdio_serial_tstc
                0x0000000017817a80        0x4 common/built-in.o
 .text.stdio_serial_getc
                0x0000000017817a84        0x4 common/built-in.o
 .text.stdio_serial_puts
                0x0000000017817a88        0x8 common/built-in.o
 .text.stdio_serial_putc
                0x0000000017817a90        0x8 common/built-in.o
 .text.stdio_get_list
                0x0000000017817a98        0xc common/built-in.o
                0x0000000017817a98                stdio_get_list
 .text.stdio_get_by_name
                0x0000000017817aa4       0x5c common/built-in.o
                0x0000000017817aa4                stdio_get_by_name
 .text.stdio_clone
                0x0000000017817b00       0x38 common/built-in.o
                0x0000000017817b00                stdio_clone
 .text.stdio_register_dev
                0x0000000017817b38       0x50 common/built-in.o
                0x0000000017817b38                stdio_register_dev
 .text.stdio_register
                0x0000000017817b88        0x8 common/built-in.o
                0x0000000017817b88                stdio_register
 .text.stdio_init_tables
                0x0000000017817b90       0x1c common/built-in.o
                0x0000000017817b90                stdio_init_tables
 .text.stdio_add_devices
                0x0000000017817bac       0xd4 common/built-in.o
                0x0000000017817bac                stdio_add_devices
 .text.run_command
                0x0000000017817c80       0x10 common/built-in.o
                0x0000000017817c80                run_command
 .text.run_command_list
                0x0000000017817c90       0x5c common/built-in.o
                0x0000000017817c90                run_command_list
 .text.do_run   0x0000000017817cec       0x78 common/built-in.o
                0x0000000017817cec                do_run
 .text.cli_loop
                0x0000000017817d64        0xc common/built-in.o
                0x0000000017817d64                cli_loop
 .text.cli_init
                0x0000000017817d70        0x4 common/built-in.o
                0x0000000017817d70                cli_init
 .text.delete_char.part.0
                0x0000000017817d74       0xd0 common/built-in.o
 .text.cread_add_char
                0x0000000017817e44       0xe8 common/built-in.o
 .text.cli_readline_into_buffer
                0x0000000017817f2c      0x9c4 common/built-in.o
                0x0000000017817f2c                cli_readline_into_buffer
 .text.cli_readline
                0x00000000178188f0       0x14 common/built-in.o
                0x00000000178188f0                cli_readline
 .text.find_cmd_tbl
                0x0000000017818904       0xa4 common/built-in.o
                0x0000000017818904                find_cmd_tbl
 .text.find_cmd
                0x00000000178189a8       0x28 common/built-in.o
                0x00000000178189a8                find_cmd
 .text.cmd_usage
                0x00000000178189d0       0x5c common/built-in.o
                0x00000000178189d0                cmd_usage
 .text._do_help
                0x0000000017818a2c      0x180 common/built-in.o
                0x0000000017818a2c                _do_help
 .text.var_complete
                0x0000000017818bac       0x7c common/built-in.o
                0x0000000017818bac                var_complete
 .text.cmd_auto_complete
                0x0000000017818c28      0x4b4 common/built-in.o
                0x0000000017818c28                cmd_auto_complete
 .text.cmd_get_data_size
                0x00000000178190dc       0x5c common/built-in.o
                0x00000000178190dc                cmd_get_data_size
 .text.cmd_process
                0x0000000017819138       0xf4 common/built-in.o
                0x0000000017819138                cmd_process
 .text.cmd_process_error
                0x000000001781922c       0x34 common/built-in.o
                0x000000001781922c                cmd_process_error
 .text.hex1_bin
                0x0000000017819260       0x40 common/built-in.o
 .text.hex2_bin
                0x00000000178192a0       0x38 common/built-in.o
 .text.srec_decode
                0x00000000178192d8      0x254 common/built-in.o
                0x00000000178192d8                srec_decode
 .text.CYGACC_COMM_IF_GETC_TIMEOUT.isra.0
                0x000000001781952c       0x5c common/built-in.o
 .text.xyzModem_flush
                0x0000000017819588       0x1c common/built-in.o
 .text.xyzModem_get_hdr
                0x00000000178195a4      0x230 common/built-in.o
 .text.xyzModem_stream_open
                0x00000000178197d4      0x23c common/built-in.o
                0x00000000178197d4                xyzModem_stream_open
 .text.xyzModem_stream_read
                0x0000000017819a10      0x258 common/built-in.o
                0x0000000017819a10                xyzModem_stream_read
 .text.xyzModem_stream_close
                0x0000000017819c68       0x54 common/built-in.o
                0x0000000017819c68                xyzModem_stream_close
 .text.xyzModem_stream_terminate
                0x0000000017819cbc       0x94 common/built-in.o
                0x0000000017819cbc                xyzModem_stream_terminate
 .text.xyzModem_error
                0x0000000017819d50       0x20 common/built-in.o
                0x0000000017819d50                xyzModem_error
 .text.common_diskboot
                0x0000000017819d70      0x238 common/built-in.o
                0x0000000017819d70                common_diskboot
 .text.get_dev_hwpart
                0x0000000017819fa8       0xb0 disk/built-in.o
 .text.dev_print
                0x000000001781a058      0x204 disk/built-in.o
                0x000000001781a058                dev_print
 .text.init_part
                0x000000001781a25c       0x20 disk/built-in.o
                0x000000001781a25c                init_part
 .text.print_part
                0x000000001781a27c       0xf4 disk/built-in.o
                0x000000001781a27c                print_part
 .text.get_partition_info
                0x000000001781a370       0x2c disk/built-in.o
                0x000000001781a370                get_partition_info
 .text.get_device
                0x000000001781a39c      0x114 disk/built-in.o
                0x000000001781a39c                get_device
 .text.get_device_and_partition
                0x000000001781a4b0      0x440 disk/built-in.o
                0x000000001781a4b0                get_device_and_partition
 .text.test_block_type
                0x000000001781a8f0       0x84 disk/built-in.o
 .text.print_partition_extended
                0x000000001781a974      0x278 disk/built-in.o
 .text.get_partition_info_extended.constprop.2
                0x000000001781abec      0x2d4 disk/built-in.o
 .text.test_part_dos
                0x000000001781aec0       0x64 disk/built-in.o
                0x000000001781aec0                test_part_dos
 .text.print_part_dos
                0x000000001781af24       0x34 disk/built-in.o
                0x000000001781af24                print_part_dos
 .text.get_partition_info_dos
                0x000000001781af58       0x20 disk/built-in.o
                0x000000001781af58                get_partition_info_dos
 .text.device_bind
                0x000000001781af78      0x268 drivers/built-in.o
                0x000000001781af78                device_bind
 .text.device_bind_by_name
                0x000000001781b1e0       0x5c drivers/built-in.o
                0x000000001781b1e0                device_bind_by_name
 .text.device_probe
                0x000000001781b23c        0x8 drivers/built-in.o
                0x000000001781b23c                device_probe
 .text.device_probe_child
                0x000000001781b244      0x208 drivers/built-in.o
                0x000000001781b244                device_probe_child
 .text.dev_get_platdata
                0x000000001781b44c       0x34 drivers/built-in.o
                0x000000001781b44c                dev_get_platdata
 .text.dev_get_priv
                0x000000001781b480       0x34 drivers/built-in.o
                0x000000001781b480                dev_get_priv
 .text.lists_driver_lookup_name
                0x000000001781b4b4       0x4c drivers/built-in.o
                0x000000001781b4b4                lists_driver_lookup_name
 .text.lists_uclass_lookup
                0x000000001781b500       0x3c drivers/built-in.o
                0x000000001781b500                lists_uclass_lookup
 .text.lists_bind_drivers
                0x000000001781b53c       0x88 drivers/built-in.o
                0x000000001781b53c                lists_bind_drivers
 .text.dm_root  0x000000001781b5c4       0x28 drivers/built-in.o
                0x000000001781b5c4                dm_root
 .text.dm_init  0x000000001781b5ec       0x58 drivers/built-in.o
                0x000000001781b5ec                dm_init
 .text.dm_scan_platdata
                0x000000001781b644       0x2c drivers/built-in.o
                0x000000001781b644                dm_scan_platdata
 .text.dm_scan_other
                0x000000001781b670        0x8 drivers/built-in.o
                0x000000001781b670                dm_scan_other
 .text.dm_init_and_scan
                0x000000001781b678       0x30 drivers/built-in.o
                0x000000001781b678                dm_init_and_scan
 .text.uclass_find
                0x000000001781b6a8       0x4c drivers/built-in.o
                0x000000001781b6a8                uclass_find
 .text.uclass_get
                0x000000001781b6f4      0x134 drivers/built-in.o
                0x000000001781b6f4                uclass_get
 .text.uclass_find_device
                0x000000001781b828       0x68 drivers/built-in.o
                0x000000001781b828                uclass_find_device
 .text.uclass_find_device_by_seq
                0x000000001781b890       0x7c drivers/built-in.o
                0x000000001781b890                uclass_find_device_by_seq
 .text.uclass_get_device
                0x000000001781b90c       0x3c drivers/built-in.o
                0x000000001781b90c                uclass_get_device
 .text.uclass_bind_device
                0x000000001781b948       0xa4 drivers/built-in.o
                0x000000001781b948                uclass_bind_device
 .text.uclass_unbind_device
                0x000000001781b9ec       0x50 drivers/built-in.o
                0x000000001781b9ec                uclass_unbind_device
 .text.uclass_resolve_seq
                0x000000001781ba3c       0xb0 drivers/built-in.o
                0x000000001781ba3c                uclass_resolve_seq
 .text.uclass_pre_probe_child
                0x000000001781baec       0x2c drivers/built-in.o
                0x000000001781baec                uclass_pre_probe_child
 .text.uclass_post_probe_device
                0x000000001781bb18       0x20 drivers/built-in.o
                0x000000001781bb18                uclass_post_probe_device
 .text.uclass_pre_remove_device
                0x000000001781bb38       0x5c drivers/built-in.o
                0x000000001781bb38                uclass_pre_remove_device
 .text.dm_warn  0x000000001781bb94       0x28 drivers/built-in.o
                0x000000001781bb94                dm_warn
 .text.device_free
                0x000000001781bbbc       0x90 drivers/built-in.o
                0x000000001781bbbc                device_free
 .text.device_remove
                0x000000001781bc4c      0x138 drivers/built-in.o
                0x000000001781bc4c                device_remove
 .text.finish_access
                0x000000001781bd84       0x2c drivers/built-in.o
 .text.prepare_access
                0x000000001781bdb0       0x8c drivers/built-in.o
 .text.set_timing
                0x000000001781be3c       0xb8 drivers/built-in.o
 .text.fuse_bank_physical
                0x000000001781bef4       0x78 drivers/built-in.o
                0x000000001781bef4                fuse_bank_physical
 .text.fuse_read
                0x000000001781bf6c       0x74 drivers/built-in.o
                0x000000001781bf6c                fuse_read
 .text.fuse_sense
                0x000000001781bfe0       0xac drivers/built-in.o
                0x000000001781bfe0                fuse_sense
 .text.fuse_prog
                0x000000001781c08c       0xa8 drivers/built-in.o
                0x000000001781c08c                fuse_prog
 .text.fuse_override
                0x000000001781c134       0x6c drivers/built-in.o
                0x000000001781c134                fuse_override
 .text.video_drawchars
                0x000000001781c1a0      0x44c drivers/built-in.o
 .text.draw_bitmap
                0x000000001781c5ec       0xdc drivers/built-in.o
 .text.console_newline.constprop.1
                0x000000001781c6c8       0xe0 drivers/built-in.o
 .text.video_putc
                0x000000001781c7a8      0x194 drivers/built-in.o
 .text.video_puts
                0x000000001781c93c       0x7c drivers/built-in.o
 .text.board_cfb_skip
                0x000000001781c9b8        0x8 drivers/built-in.o
                0x000000001781c9b8                board_cfb_skip
 .text.video_set_lut
                0x000000001781c9c0        0x8 drivers/built-in.o
                0x000000001781c9c4                video_set_lut
 .text.display_rle8_bitmap
                0x000000001781c9c8      0x348 drivers/built-in.o
 .text.plot_logo_or_black
                0x000000001781cd10      0x268 drivers/built-in.o
 .text.do_clrlogo
                0x000000001781cf78       0x58 drivers/built-in.o
 .text.video_display_bitmap
                0x000000001781cfd0      0x988 drivers/built-in.o
                0x000000001781cfd0                video_display_bitmap
 .text.video_clear
                0x000000001781d958       0x54 drivers/built-in.o
                0x000000001781d958                video_clear
 .text.drv_video_init
                0x000000001781d9ac      0x448 drivers/built-in.o
                0x000000001781d9ac                drv_video_init
 .text.mxcfb_map_video_memory
                0x000000001781ddf4       0x88 drivers/built-in.o
 .text.ipuv3_fb_shutdown
                0x000000001781de7c       0x60 drivers/built-in.o
                0x000000001781de7c                ipuv3_fb_shutdown
 .text.video_hw_init
                0x000000001781dedc      0x5cc drivers/built-in.o
                0x000000001781dedc                video_hw_init
 .text.ipuv3_fb_init
                0x000000001781e4a8       0x2c drivers/built-in.o
                0x000000001781e4a8                ipuv3_fb_init
 .text.clk_ipu_enable
                0x000000001781e4d4       0x20 drivers/built-in.o
 .text.clk_ipu_disable
                0x000000001781e4f4       0x1c drivers/built-in.o
 .text.clk_ldb_clk_enable
                0x000000001781e510       0x20 drivers/built-in.o
 .text.clk_ldb_clk_disable
                0x000000001781e530       0x1c drivers/built-in.o
 .text.ipu_pixel_clk_enable
                0x000000001781e54c       0x28 drivers/built-in.o
 .text.ipu_pixel_clk_disable
                0x000000001781e574       0x24 drivers/built-in.o
 .text.ipu_pixel_clk_round_rate
                0x000000001781e598      0x118 drivers/built-in.o
 .text.ipu_pixel_clk_set_rate
                0x000000001781e6b0       0xe8 drivers/built-in.o
 .text.ipu_pixel_clk_recalc
                0x000000001781e798       0x7c drivers/built-in.o
 .text.ipu_pixel_clk_set_parent
                0x000000001781e814       0x84 drivers/built-in.o
 .text.clk_enable
                0x000000001781e898       0x24 drivers/built-in.o
                0x000000001781e898                clk_enable
 .text.clk_disable
                0x000000001781e8bc       0x30 drivers/built-in.o
                0x000000001781e8bc                clk_disable
 .text.clk_get_usecount
                0x000000001781e8ec        0xc drivers/built-in.o
                0x000000001781e8ec                clk_get_usecount
 .text.clk_get_rate
                0x000000001781e8f8        0xc drivers/built-in.o
                0x000000001781e8f8                clk_get_rate
 .text.clk_get_parent
                0x000000001781e904        0xc drivers/built-in.o
                0x000000001781e904                clk_get_parent
 .text.clk_set_rate
                0x000000001781e910       0x24 drivers/built-in.o
                0x000000001781e910                clk_set_rate
 .text.clk_round_rate
                0x000000001781e934       0x20 drivers/built-in.o
                0x000000001781e934                clk_round_rate
 .text.clk_set_parent
                0x000000001781e954       0x1c drivers/built-in.o
                0x000000001781e954                clk_set_parent
 .text.ipu_probe
                0x000000001781e970      0x158 drivers/built-in.o
                0x000000001781e970                ipu_probe
 .text.ipu_dump_registers
                0x000000001781eac8        0x4 drivers/built-in.o
                0x000000001781eac8                ipu_dump_registers
 .text.ipu_init_channel
                0x000000001781eacc      0x1fc drivers/built-in.o
                0x000000001781eacc                ipu_init_channel
 .text.ipu_uninit_channel
                0x000000001781ecc8      0x220 drivers/built-in.o
                0x000000001781ecc8                ipu_uninit_channel
 .text.ipu_enable_channel
                0x000000001781eee8       0xe8 drivers/built-in.o
                0x000000001781eee8                ipu_enable_channel
 .text.ipu_clear_buffer_ready
                0x000000001781efd0       0x7c drivers/built-in.o
                0x000000001781efd0                ipu_clear_buffer_ready
 .text.ipu_disable_channel
                0x000000001781f04c      0x198 drivers/built-in.o
                0x000000001781f04c                ipu_disable_channel
 .text.bytes_per_pixel
                0x000000001781f1e4       0xec drivers/built-in.o
                0x000000001781f1e4                bytes_per_pixel
 .text.ipu_init_channel_buffer
                0x000000001781f2d0      0x5c0 drivers/built-in.o
                0x000000001781f2d0                ipu_init_channel_buffer
 .text.format_to_colorspace
                0x000000001781f890       0xc4 drivers/built-in.o
                0x000000001781f890                format_to_colorspace
 .text.ipu_dc_map_config
                0x000000001781f954       0x70 drivers/built-in.o
 .text.rgb_to_yuv
                0x000000001781f9c4       0x70 drivers/built-in.o
 .text.ipu_dc_link_event
                0x000000001781fa34      0x170 drivers/built-in.o
 .text.ipu_dp_csc_setup.isra.0
                0x000000001781fba4      0x100 drivers/built-in.o
 .text.ipu_di_sync_config.constprop.3
                0x000000001781fca4       0xf0 drivers/built-in.o
 .text.ipu_dmfc_init
                0x000000001781fd94      0x158 drivers/built-in.o
                0x000000001781fd94                ipu_dmfc_init
 .text.ipu_dmfc_set_wait4eot
                0x000000001781feec      0x130 drivers/built-in.o
                0x000000001781feec                ipu_dmfc_set_wait4eot
 .text.ipu_dp_init
                0x000000001782001c      0x1f8 drivers/built-in.o
                0x000000001782001c                ipu_dp_init
 .text.ipu_dp_uninit
                0x0000000017820214       0x7c drivers/built-in.o
                0x0000000017820214                ipu_dp_uninit
 .text.ipu_dc_init
                0x0000000017820290      0x2d0 drivers/built-in.o
                0x0000000017820290                ipu_dc_init
 .text.ipu_dc_uninit
                0x0000000017820560      0x1b4 drivers/built-in.o
                0x0000000017820560                ipu_dc_uninit
 .text.ipu_dp_dc_enable
                0x0000000017820714      0x1c4 drivers/built-in.o
                0x0000000017820714                ipu_dp_dc_enable
 .text.ipu_dp_dc_disable
                0x00000000178208d8      0x31c drivers/built-in.o
                0x00000000178208d8                ipu_dp_dc_disable
 .text.ipu_init_dc_mappings
                0x0000000017820bf4      0x184 drivers/built-in.o
                0x0000000017820bf4                ipu_init_dc_mappings
 .text.ipu_init_sync_panel
                0x0000000017820d78      0x7c4 drivers/built-in.o
                0x0000000017820d78                ipu_init_sync_panel
 .text.ipu_disp_set_global_alpha
                0x000000001782153c      0x100 drivers/built-in.o
                0x000000001782153c                ipu_disp_set_global_alpha
 .text.ipu_disp_set_color_key
                0x000000001782163c      0x1a4 drivers/built-in.o
                0x000000001782163c                ipu_disp_set_color_key
 .text.reset_cpu
                0x00000000178217e0       0x28 drivers/built-in.o
                0x00000000178217e0                reset_cpu
 .text.thermal_get_temp
                0x0000000017821808       0x20 drivers/built-in.o
                0x0000000017821808                thermal_get_temp
 .text.read_cpu_temperature
                0x0000000017821828      0x144 drivers/built-in.o
 .text.imx_thermal_get_temp
                0x000000001782196c       0x48 drivers/built-in.o
                0x000000001782196c                imx_thermal_get_temp
 .text.imx_thermal_probe
                0x00000000178219b4       0x7c drivers/built-in.o
 .text.gpio_set_value
                0x0000000017821a30       0x44 drivers/gpio/built-in.o
                0x0000000017821a30                gpio_set_value
 .text.gpio_get_value
                0x0000000017821a74       0x34 drivers/gpio/built-in.o
                0x0000000017821a74                gpio_get_value
 .text.gpio_request
                0x0000000017821aa8       0x10 drivers/gpio/built-in.o
                0x0000000017821aa8                gpio_request
 .text.gpio_free
                0x0000000017821ab8        0x8 drivers/gpio/built-in.o
                0x0000000017821ab8                gpio_free
 .text.gpio_direction_input
                0x0000000017821ac0       0x3c drivers/gpio/built-in.o
                0x0000000017821ac0                gpio_direction_input
 .text.gpio_direction_output
                0x0000000017821afc       0x50 drivers/gpio/built-in.o
                0x0000000017821afc                gpio_direction_output
 .text.i2c_get_adapter
                0x0000000017821b4c       0x64 drivers/i2c/built-in.o
                0x0000000017821b4c                i2c_get_adapter
 .text.i2c_init_bus
                0x0000000017821bb0       0x90 drivers/i2c/built-in.o
 .text.i2c_get_bus_num
                0x0000000017821c40        0x8 drivers/i2c/built-in.o
                0x0000000017821c40                i2c_get_bus_num
 .text.i2c_set_bus_num
                0x0000000017821c48       0xbc drivers/i2c/built-in.o
                0x0000000017821c48                i2c_set_bus_num
 .text.i2c_init_all
                0x0000000017821d04       0x14 drivers/i2c/built-in.o
                0x0000000017821d04                i2c_init_all
 .text.i2c_probe
                0x0000000017821d18       0x2c drivers/i2c/built-in.o
                0x0000000017821d18                i2c_probe
 .text.i2c_read
                0x0000000017821d44       0x4c drivers/i2c/built-in.o
                0x0000000017821d44                i2c_read
 .text.i2c_write
                0x0000000017821d90       0x4c drivers/i2c/built-in.o
                0x0000000017821d90                i2c_write
 .text.i2c_set_bus_speed